Archive member included to satisfy reference by file (symbol)

e:/systemfolders/programfiles/atollictruestudio/truestudio for arm 7.1.0/armtools/bin/../lib/gcc/arm-atollic-eabi/5.3.1/../../../../arm-atollic-eabi/lib/armv7-m\libc_nano.a(lib_a-init.o)
                              Drivers\CMSIS\Device\ST\STM32F1xx\Source\Templates\gcc\startup_stm32f103xb.o (__libc_init_array)
e:/systemfolders/programfiles/atollictruestudio/truestudio for arm 7.1.0/armtools/bin/../lib/gcc/arm-atollic-eabi/5.3.1/../../../../arm-atollic-eabi/lib/armv7-m\libc_nano.a(lib_a-memset.o)
                              Drivers\STM32F1xx_HAL_Driver\Src\stm32f1xx_hal_rcc.o (memset)
e:/systemfolders/programfiles/atollictruestudio/truestudio for arm 7.1.0/armtools/bin/../lib/gcc/arm-atollic-eabi/5.3.1/armv7-m\libgcc.a(_lshrdi3.o)
                              Drivers\STM32F1xx_HAL_Driver\Src\stm32f1xx_hal_flash.o (__aeabi_llsr)

Allocating common symbols
Common symbol       size              file

hUsbDeviceFS        0x224             Src\usb_device.o
pFlash              0x20              Drivers\STM32F1xx_HAL_Driver\Src\stm32f1xx_hal_flash.o
buffer              0x5               Src\main.o
hpcd_USB_FS         0x420             Src\usbd_conf.o
USBD_StrDesc        0x200             Src\usbd_desc.o

Discarded input sections

 .text          0x00000000        0x0 e:/systemfolders/programfiles/atollictruestudio/truestudio for arm 7.1.0/armtools/bin/../lib/gcc/arm-atollic-eabi/5.3.1/armv7-m/crti.o
 .data          0x00000000        0x0 e:/systemfolders/programfiles/atollictruestudio/truestudio for arm 7.1.0/armtools/bin/../lib/gcc/arm-atollic-eabi/5.3.1/armv7-m/crti.o
 .bss           0x00000000        0x0 e:/systemfolders/programfiles/atollictruestudio/truestudio for arm 7.1.0/armtools/bin/../lib/gcc/arm-atollic-eabi/5.3.1/armv7-m/crti.o
 .data          0x00000000        0x4 e:/systemfolders/programfiles/atollictruestudio/truestudio for arm 7.1.0/armtools/bin/../lib/gcc/arm-atollic-eabi/5.3.1/armv7-m/crtbegin.o
 .text          0x00000000       0x14 Drivers\CMSIS\Device\ST\STM32F1xx\Source\Templates\gcc\startup_stm32f103xb.o
 .data          0x00000000        0x0 Drivers\CMSIS\Device\ST\STM32F1xx\Source\Templates\gcc\startup_stm32f103xb.o
 .bss           0x00000000        0x0 Drivers\CMSIS\Device\ST\STM32F1xx\Source\Templates\gcc\startup_stm32f103xb.o
 .text          0x00000000        0x0 Drivers\CMSIS\Device\ST\STM32F1xx\Source\Templates\system_stm32f1xx.o
 .data          0x00000000        0x0 Drivers\CMSIS\Device\ST\STM32F1xx\Source\Templates\system_stm32f1xx.o
 .bss           0x00000000        0x0 Drivers\CMSIS\Device\ST\STM32F1xx\Source\Templates\system_stm32f1xx.o
 .text.SystemCoreClockUpdate
                0x00000000       0x5c Drivers\CMSIS\Device\ST\STM32F1xx\Source\Templates\system_stm32f1xx.o
 .rodata.APBPrescTable
                0x00000000        0x8 Drivers\CMSIS\Device\ST\STM32F1xx\Source\Templates\system_stm32f1xx.o
 .text          0x00000000        0x0 Drivers\STM32F1xx_HAL_Driver\Src\stm32f1xx_hal.o
 .data          0x00000000        0x0 Drivers\STM32F1xx_HAL_Driver\Src\stm32f1xx_hal.o
 .bss           0x00000000        0x0 Drivers\STM32F1xx_HAL_Driver\Src\stm32f1xx_hal.o
 .text.HAL_MspInit
                0x00000000        0x2 Drivers\STM32F1xx_HAL_Driver\Src\stm32f1xx_hal.o
 .text.HAL_MspDeInit
                0x00000000        0x2 Drivers\STM32F1xx_HAL_Driver\Src\stm32f1xx_hal.o
 .text.HAL_DeInit
                0x00000000       0x20 Drivers\STM32F1xx_HAL_Driver\Src\stm32f1xx_hal.o
 .text.HAL_SuspendTick
                0x00000000       0x10 Drivers\STM32F1xx_HAL_Driver\Src\stm32f1xx_hal.o
 .text.HAL_ResumeTick
                0x00000000       0x10 Drivers\STM32F1xx_HAL_Driver\Src\stm32f1xx_hal.o
 .text.HAL_GetHalVersion
                0x00000000        0x8 Drivers\STM32F1xx_HAL_Driver\Src\stm32f1xx_hal.o
 .text.HAL_GetREVID
                0x00000000       0x1c Drivers\STM32F1xx_HAL_Driver\Src\stm32f1xx_hal.o
 .text.HAL_GetDEVID
                0x00000000       0x10 Drivers\STM32F1xx_HAL_Driver\Src\stm32f1xx_hal.o
 .text.HAL_DBGMCU_EnableDBGSleepMode
                0x00000000       0x10 Drivers\STM32F1xx_HAL_Driver\Src\stm32f1xx_hal.o
 .text.HAL_DBGMCU_DisableDBGSleepMode
                0x00000000       0x10 Drivers\STM32F1xx_HAL_Driver\Src\stm32f1xx_hal.o
 .text.HAL_DBGMCU_EnableDBGStopMode
                0x00000000       0x10 Drivers\STM32F1xx_HAL_Driver\Src\stm32f1xx_hal.o
 .text.HAL_DBGMCU_DisableDBGStopMode
                0x00000000       0x10 Drivers\STM32F1xx_HAL_Driver\Src\stm32f1xx_hal.o
 .text.HAL_DBGMCU_EnableDBGStandbyMode
                0x00000000       0x10 Drivers\STM32F1xx_HAL_Driver\Src\stm32f1xx_hal.o
 .text.HAL_DBGMCU_DisableDBGStandbyMode
                0x00000000       0x10 Drivers\STM32F1xx_HAL_Driver\Src\stm32f1xx_hal.o
 .text          0x00000000        0x0 Drivers\STM32F1xx_HAL_Driver\Src\stm32f1xx_hal_cortex.o
[...]
Memory Configuration

Name             Origin             Length             Attributes
FLASH            0x08000000         0x00010000         xr
RAM              0x20000000         0x00005000         xrw
*default*        0x00000000         0xffffffff

Linker script and memory map

LOAD e:/systemfolders/programfiles/atollictruestudio/truestudio for arm 7.1.0/armtools/bin/../lib/gcc/arm-atollic-eabi/5.3.1/armv7-m/crti.o
LOAD e:/systemfolders/programfiles/atollictruestudio/truestudio for arm 7.1.0/armtools/bin/../lib/gcc/arm-atollic-eabi/5.3.1/armv7-m/crtbegin.o
LOAD Drivers\CMSIS\Device\ST\STM32F1xx\Source\Templates\gcc\startup_stm32f103xb.o
LOAD Drivers\CMSIS\Device\ST\STM32F1xx\Source\Templates\system_stm32f1xx.o
LOAD Drivers\STM32F1xx_HAL_Driver\Src\stm32f1xx_hal.o
LOAD Drivers\STM32F1xx_HAL_Driver\Src\stm32f1xx_hal_cortex.o
LOAD Drivers\STM32F1xx_HAL_Driver\Src\stm32f1xx_hal_dma.o
LOAD Drivers\STM32F1xx_HAL_Driver\Src\stm32f1xx_hal_flash.o
LOAD Drivers\STM32F1xx_HAL_Driver\Src\stm32f1xx_hal_flash_ex.o
LOAD Drivers\STM32F1xx_HAL_Driver\Src\stm32f1xx_hal_gpio.o
LOAD Drivers\STM32F1xx_HAL_Driver\Src\stm32f1xx_hal_gpio_ex.o
LOAD Drivers\STM32F1xx_HAL_Driver\Src\stm32f1xx_hal_pcd.o
LOAD Drivers\STM32F1xx_HAL_Driver\Src\stm32f1xx_hal_pcd_ex.o
LOAD Drivers\STM32F1xx_HAL_Driver\Src\stm32f1xx_hal_pwr.o
LOAD Drivers\STM32F1xx_HAL_Driver\Src\stm32f1xx_hal_rcc.o
LOAD Drivers\STM32F1xx_HAL_Driver\Src\stm32f1xx_hal_rcc_ex.o
LOAD Drivers\STM32F1xx_HAL_Driver\Src\stm32f1xx_hal_tim.o
LOAD Drivers\STM32F1xx_HAL_Driver\Src\stm32f1xx_hal_tim_ex.o
LOAD Drivers\STM32F1xx_HAL_Driver\Src\stm32f1xx_ll_usb.o
LOAD Middlewares\ST\STM32_USB_Device_Library\Class\HID\Src\usbd_hid.o
LOAD Middlewares\ST\STM32_USB_Device_Library\Core\Src\usbd_core.o
LOAD Middlewares\ST\STM32_USB_Device_Library\Core\Src\usbd_ctlreq.o
LOAD Middlewares\ST\STM32_USB_Device_Library\Core\Src\usbd_ioreq.o
LOAD Src\main.o
LOAD Src\stm32f1xx_hal_msp.o
LOAD Src\stm32f1xx_it.o
LOAD Src\usb_device.o
LOAD Src\usbd_conf.o
LOAD Src\usbd_desc.o
START GROUP
LOAD e:/systemfolders/programfiles/atollictruestudio/truestudio for arm 7.1.0/armtools/bin/../lib/gcc/arm-atollic-eabi/5.3.1/../../../../arm-atollic-eabi/lib/armv7-m\libc_nano.a
LOAD e:/systemfolders/programfiles/atollictruestudio/truestudio for arm 7.1.0/armtools/bin/../lib/gcc/arm-atollic-eabi/5.3.1/../../../../arm-atollic-eabi/lib/armv7-m\libm.a
END GROUP
                0x00000080                malloc_getpagesize_P = 0x80
START GROUP
LOAD e:/systemfolders/programfiles/atollictruestudio/truestudio for arm 7.1.0/armtools/bin/../lib/gcc/arm-atollic-eabi/5.3.1/armv7-m\libgcc.a
LOAD e:/systemfolders/programfiles/atollictruestudio/truestudio for arm 7.1.0/armtools/bin/../lib/gcc/arm-atollic-eabi/5.3.1/../../../../arm-atollic-eabi/lib/armv7-m\libc_nano.a
END GROUP
START GROUP
LOAD e:/systemfolders/programfiles/atollictruestudio/truestudio for arm 7.1.0/armtools/bin/../lib/gcc/arm-atollic-eabi/5.3.1/armv7-m\libgcc.a
LOAD e:/systemfolders/programfiles/atollictruestudio/truestudio for arm 7.1.0/armtools/bin/../lib/gcc/arm-atollic-eabi/5.3.1/../../../../arm-atollic-eabi/lib/armv7-m\libc_nano.a
LOAD e:/systemfolders/programfiles/atollictruestudio/truestudio for arm 7.1.0/armtools/bin/../lib/gcc/arm-atollic-eabi/5.3.1/../../../../arm-atollic-eabi/lib/armv7-m\libnosys.a
END GROUP
START GROUP
LOAD e:/systemfolders/programfiles/atollictruestudio/truestudio for arm 7.1.0/armtools/bin/../lib/gcc/arm-atollic-eabi/5.3.1/armv7-m\libgcc.a
LOAD e:/systemfolders/programfiles/atollictruestudio/truestudio for arm 7.1.0/armtools/bin/../lib/gcc/arm-atollic-eabi/5.3.1/../../../../arm-atollic-eabi/lib/armv7-m\libc_nano.a
LOAD e:/systemfolders/programfiles/atollictruestudio/truestudio for arm 7.1.0/armtools/bin/../lib/gcc/arm-atollic-eabi/5.3.1/../../../../arm-atollic-eabi/lib/armv7-m\libnosys.a
END GROUP
LOAD e:/systemfolders/programfiles/atollictruestudio/truestudio for arm 7.1.0/armtools/bin/../lib/gcc/arm-atollic-eabi/5.3.1/armv7-m/crtend.o
LOAD e:/systemfolders/programfiles/atollictruestudio/truestudio for arm 7.1.0/armtools/bin/../lib/gcc/arm-atollic-eabi/5.3.1/armv7-m/crtn.o
                0x20005000                _estack = 0x20005000
                0x00000200                _Min_Heap_Size = 0x200
                0x00000400                _Min_Stack_Size = 0x400

.isr_vector     0x08000000      0x10c
                0x08000000                . = ALIGN (0x4)
 *(.isr_vector)
 .isr_vector    0x08000000      0x10c Drivers\CMSIS\Device\ST\STM32F1xx\Source\Templates\gcc\startup_stm32f103xb.o
                0x08000000                g_pfnVectors
                0x0800010c                . = ALIGN (0x4)

.text           0x0800010c     0x2778
                0x0800010c                . = ALIGN (0x4)
 *(.text)
 .text          0x0800010c       0x40 e:/systemfolders/programfiles/atollictruestudio/truestudio for arm 7.1.0/armtools/bin/../lib/gcc/arm-atollic-eabi/5.3.1/armv7-m/crtbegin.o
 *(.text*)
 .text.Reset_Handler
                0x0800014c       0x48 Drivers\CMSIS\Device\ST\STM32F1xx\Source\Templates\gcc\startup_stm32f103xb.o
                0x0800014c                Reset_Handler
 .text.Default_Handler
                0x08000194        0x2 Drivers\CMSIS\Device\ST\STM32F1xx\Source\Templates\gcc\startup_stm32f103xb.o
                0x08000194                RTC_Alarm_IRQHandler
                0x08000194                EXTI2_IRQHandler
                0x08000194                TIM1_CC_IRQHandler
                0x08000194                PVD_IRQHandler
                0x08000194                EXTI3_IRQHandler
                0x08000194                EXTI0_IRQHandler
                0x08000194                I2C2_EV_IRQHandler
                0x08000194                ADC1_2_IRQHandler
                0x08000194                SPI1_IRQHandler
                0x08000194                TAMPER_IRQHandler
                0x08000194                DMA1_Channel4_IRQHandler
                0x08000194                USART3_IRQHandler
                0x08000194                RTC_IRQHandler
                0x08000194                DMA1_Channel7_IRQHandler
                0x08000194                CAN1_RX1_IRQHandler
                0x08000194                TIM4_IRQHandler
                0x08000194                I2C1_EV_IRQHandler
                0x08000194                DMA1_Channel6_IRQHandler
                0x08000194                TIM3_IRQHandler
                0x08000194                RCC_IRQHandler
                0x08000194                TIM1_TRG_COM_IRQHandler
                0x08000194                DMA1_Channel1_IRQHandler
                0x08000194                Default_Handler
                0x08000194                EXTI15_10_IRQHandler
                0x08000194                EXTI9_5_IRQHandler
                0x08000194                SPI2_IRQHandler
                0x08000194                DMA1_Channel5_IRQHandler
                0x08000194                EXTI4_IRQHandler
                0x08000194                USB_HP_CAN1_TX_IRQHandler
                0x08000194                DMA1_Channel3_IRQHandler
                0x08000194                TIM1_UP_IRQHandler
                0x08000194                WWDG_IRQHandler
                0x08000194                TIM2_IRQHandler
                0x08000194                TIM1_BRK_IRQHandler
                0x08000194                EXTI1_IRQHandler
                0x08000194                USART2_IRQHandler
                0x08000194                I2C2_ER_IRQHandler
                0x08000194                DMA1_Channel2_IRQHandler
                0x08000194                CAN1_SCE_IRQHandler
                0x08000194                FLASH_IRQHandler
                0x08000194                USART1_IRQHandler
                0x08000194                I2C1_ER_IRQHandler
                0x08000194                USBWakeUp_IRQHandler
 *fill*         0x08000196        0x2 
 .text.SystemInit
                0x08000198       0x4c Drivers\CMSIS\Device\ST\STM32F1xx\Source\Templates\system_stm32f1xx.o
                0x08000198                SystemInit
 .text.HAL_InitTick
                0x080001e4       0x24 Drivers\STM32F1xx_HAL_Driver\Src\stm32f1xx_hal.o
                0x080001e4                HAL_InitTick
 .text.HAL_Init
                0x08000208       0x24 Drivers\STM32F1xx_HAL_Driver\Src\stm32f1xx_hal.o
                0x08000208                HAL_Init
 .text.HAL_IncTick
                0x0800022c       0x10 Drivers\STM32F1xx_HAL_Driver\Src\stm32f1xx_hal.o
                0x0800022c                HAL_IncTick
 .text.HAL_GetTick
                0x0800023c        0xc Drivers\STM32F1xx_HAL_Driver\Src\stm32f1xx_hal.o
                0x0800023c                HAL_GetTick
 .text.HAL_Delay
                0x08000248       0x1a Drivers\STM32F1xx_HAL_Driver\Src\stm32f1xx_hal.o
                0x08000248                HAL_Delay
 *fill*         0x08000262        0x2 
 .text.HAL_NVIC_SetPriorityGrouping
                0x08000264       0x24 Drivers\STM32F1xx_HAL_Driver\Src\stm32f1xx_hal_cortex.o
                0x08000264                HAL_NVIC_SetPriorityGrouping
 .text.HAL_NVIC_SetPriority
                0x08000288       0x68 Drivers\STM32F1xx_HAL_Driver\Src\stm32f1xx_hal_cortex.o
                0x08000288                HAL_NVIC_SetPriority
 .text.HAL_NVIC_EnableIRQ
                0x080002f0       0x18 Drivers\STM32F1xx_HAL_Driver\Src\stm32f1xx_hal_cortex.o
                0x080002f0                HAL_NVIC_EnableIRQ
 .text.HAL_SYSTICK_Config
                0x08000308       0x2c Drivers\STM32F1xx_HAL_Driver\Src\stm32f1xx_hal_cortex.o
                0x08000308                HAL_SYSTICK_Config
 .text.HAL_SYSTICK_CLKSourceConfig
                0x08000334       0x18 Drivers\STM32F1xx_HAL_Driver\Src\stm32f1xx_hal_cortex.o
                0x08000334                HAL_SYSTICK_CLKSourceConfig
 .text.HAL_SYSTICK_Callback
                0x0800034c        0x2 Drivers\STM32F1xx_HAL_Driver\Src\stm32f1xx_hal_cortex.o
                0x0800034c                HAL_SYSTICK_Callback
 .text.HAL_SYSTICK_IRQHandler
                0x0800034e        0x8 Drivers\STM32F1xx_HAL_Driver\Src\stm32f1xx_hal_cortex.o
                0x0800034e                HAL_SYSTICK_IRQHandler
 *fill*         0x08000356        0x2 
 .text.HAL_GPIO_Init
                0x08000358      0x1b0 Drivers\STM32F1xx_HAL_Driver\Src\stm32f1xx_hal_gpio.o
                0x08000358                HAL_GPIO_Init
 .text.HAL_GPIO_WritePin
                0x08000508        0x8 Drivers\STM32F1xx_HAL_Driver\Src\stm32f1xx_hal_gpio.o
                0x08000508                HAL_GPIO_WritePin
 .text.HAL_GPIO_TogglePin
                0x08000510        0x8 Drivers\STM32F1xx_HAL_Driver\Src\stm32f1xx_hal_gpio.o
                0x08000510                HAL_GPIO_TogglePin
 .text.HAL_PCD_Init
                0x08000518       0xd4 Drivers\STM32F1xx_HAL_Driver\Src\stm32f1xx_hal_pcd.o
                0x08000518                HAL_PCD_Init
 .text.HAL_PCD_Start
                0x080005ec       0x2e Drivers\STM32F1xx_HAL_Driver\Src\stm32f1xx_hal_pcd.o
                0x080005ec                HAL_PCD_Start
 .text.HAL_PCD_SetAddress
                0x0800061a       0x28 Drivers\STM32F1xx_HAL_Driver\Src\stm32f1xx_hal_pcd.o
                0x0800061a                HAL_PCD_SetAddress
 .text.HAL_PCD_EP_Open
                0x08000642       0x46 Drivers\STM32F1xx_HAL_Driver\Src\stm32f1xx_hal_pcd.o
                0x08000642                HAL_PCD_EP_Open
 .text.HAL_PCD_EP_Close
                0x08000688       0x42 Drivers\STM32F1xx_HAL_Driver\Src\stm32f1xx_hal_pcd.o
                0x08000688                HAL_PCD_EP_Close
 .text.HAL_PCD_EP_Receive
                0x080006ca       0x48 Drivers\STM32F1xx_HAL_Driver\Src\stm32f1xx_hal_pcd.o
                0x080006ca                HAL_PCD_EP_Receive
 .text.HAL_PCD_EP_Transmit
                0x08000712       0x40 Drivers\STM32F1xx_HAL_Driver\Src\stm32f1xx_hal_pcd.o
                0x08000712                HAL_PCD_EP_Transmit
 .text.HAL_PCD_IRQHandler
                0x08000752      0x4d0 Drivers\STM32F1xx_HAL_Driver\Src\stm32f1xx_hal_pcd.o
                0x08000752                HAL_PCD_IRQHandler
 .text.HAL_PCD_EP_SetStall
                0x08000c22       0x52 Drivers\STM32F1xx_HAL_Driver\Src\stm32f1xx_hal_pcd.o
                0x08000c22                HAL_PCD_EP_SetStall
 .text.HAL_PCD_EP_ClrStall
                0x08000c74       0x46 Drivers\STM32F1xx_HAL_Driver\Src\stm32f1xx_hal_pcd.o
                0x08000c74                HAL_PCD_EP_ClrStall
 .text.HAL_PCDEx_PMAConfig
                0x08000cba       0x30 Drivers\STM32F1xx_HAL_Driver\Src\stm32f1xx_hal_pcd_ex.o
                0x08000cba                HAL_PCDEx_PMAConfig
 *fill*         0x08000cea        0x2 
 .text.HAL_RCC_OscConfig
                0x08000cec      0x4c0 Drivers\STM32F1xx_HAL_Driver\Src\stm32f1xx_hal_rcc.o
                0x08000cec                HAL_RCC_OscConfig
 .text.HAL_RCC_GetSysClockFreq
                0x080011ac       0x90 Drivers\STM32F1xx_HAL_Driver\Src\stm32f1xx_hal_rcc.o
                0x080011ac                HAL_RCC_GetSysClockFreq
 .text.HAL_RCC_ClockConfig
                0x0800123c      0x164 Drivers\STM32F1xx_HAL_Driver\Src\stm32f1xx_hal_rcc.o
                0x0800123c                HAL_RCC_ClockConfig
 .text.HAL_RCC_GetHCLKFreq
                0x080013a0        0xc Drivers\STM32F1xx_HAL_Driver\Src\stm32f1xx_hal_rcc.o
                0x080013a0                HAL_RCC_GetHCLKFreq
 .text.HAL_RCCEx_PeriphCLKConfig
                0x080013ac      0x114 Drivers\STM32F1xx_HAL_Driver\Src\stm32f1xx_hal_rcc_ex.o
                0x080013ac                HAL_RCCEx_PeriphCLKConfig
 .text.USB_CoreInit
                0x080014c0        0xe Drivers\STM32F1xx_HAL_Driver\Src\stm32f1xx_ll_usb.o
                0x080014c0                USB_CoreInit
 .text.USB_EnableGlobalInt
                0x080014ce       0x12 Drivers\STM32F1xx_HAL_Driver\Src\stm32f1xx_ll_usb.o
                0x080014ce                USB_EnableGlobalInt
 .text.USB_DisableGlobalInt
                0x080014e0       0x14 Drivers\STM32F1xx_HAL_Driver\Src\stm32f1xx_ll_usb.o
                0x080014e0                USB_DisableGlobalInt
 .text.USB_SetCurrentMode
                0x080014f4        0x4 Drivers\STM32F1xx_HAL_Driver\Src\stm32f1xx_ll_usb.o
                0x080014f4                USB_SetCurrentMode
 .text.USB_DevInit
                0x080014f8       0x28 Drivers\STM32F1xx_HAL_Driver\Src\stm32f1xx_ll_usb.o
                0x080014f8                USB_DevInit
 .text.USB_ActivateEndpoint
                0x08001520      0x2e4 Drivers\STM32F1xx_HAL_Driver\Src\stm32f1xx_ll_usb.o
                0x08001520                USB_ActivateEndpoint
 .text.USB_DeactivateEndpoint
                0x08001804      0x170 Drivers\STM32F1xx_HAL_Driver\Src\stm32f1xx_ll_usb.o
                0x08001804                USB_DeactivateEndpoint
 .text.USB_EPSetStall
                0x08001974       0x62 Drivers\STM32F1xx_HAL_Driver\Src\stm32f1xx_ll_usb.o
                0x08001974                USB_EPSetStall
 .text.USB_EPClearStall
                0x080019d6       0x84 Drivers\STM32F1xx_HAL_Driver\Src\stm32f1xx_ll_usb.o
                0x080019d6                USB_EPClearStall
 .text.USB_SetDevAddress
                0x08001a5a        0xc Drivers\STM32F1xx_HAL_Driver\Src\stm32f1xx_ll_usb.o
                0x08001a5a                USB_SetDevAddress
 .text.USB_DevConnect
                0x08001a66        0x4 Drivers\STM32F1xx_HAL_Driver\Src\stm32f1xx_ll_usb.o
                0x08001a66                USB_DevConnect
 .text.USB_DevDisconnect
                0x08001a6a        0x4 Drivers\STM32F1xx_HAL_Driver\Src\stm32f1xx_ll_usb.o
                0x08001a6a                USB_DevDisconnect
 .text.USB_ReadInterrupts
                0x08001a6e        0x8 Drivers\STM32F1xx_HAL_Driver\Src\stm32f1xx_ll_usb.o
                0x08001a6e                USB_ReadInterrupts
 .text.USB_EP0_OutStart
                0x08001a76        0x4 Drivers\STM32F1xx_HAL_Driver\Src\stm32f1xx_ll_usb.o
                0x08001a76                USB_EP0_OutStart
 .text.USB_WritePMA
                0x08001a7a       0x22 Drivers\STM32F1xx_HAL_Driver\Src\stm32f1xx_ll_usb.o
                0x08001a7a                USB_WritePMA
 .text.USB_EPStartXfer
                0x08001a9c      0x1a0 Drivers\STM32F1xx_HAL_Driver\Src\stm32f1xx_ll_usb.o
                0x08001a9c                USB_EPStartXfer
 .text.USB_ReadPMA
                0x08001c3c       0x22 Drivers\STM32F1xx_HAL_Driver\Src\stm32f1xx_ll_usb.o
                0x08001c3c                USB_ReadPMA
 *fill*         0x08001c5e        0x2 
 .text.USBD_HID_GetCfgDesc
                0x08001c60        0xc Middlewares\ST\STM32_USB_Device_Library\Class\HID\Src\usbd_hid.o
 .text.USBD_HID_DataIn
                0x08001c6c        0xa Middlewares\ST\STM32_USB_Device_Library\Class\HID\Src\usbd_hid.o
 *fill*         0x08001c76        0x2 
 .text.USBD_HID_GetDeviceQualifierDesc
                0x08001c78        0xc Middlewares\ST\STM32_USB_Device_Library\Class\HID\Src\usbd_hid.o
 .text.USBD_HID_Setup
                0x08001c84       0xb0 Middlewares\ST\STM32_USB_Device_Library\Class\HID\Src\usbd_hid.o
 .text.USBD_HID_DeInit
                0x08001d34       0x1e Middlewares\ST\STM32_USB_Device_Library\Class\HID\Src\usbd_hid.o
 .text.USBD_HID_Init
                0x08001d52       0x26 Middlewares\ST\STM32_USB_Device_Library\Class\HID\Src\usbd_hid.o
 .text.USBD_Init
                0x08001d78       0x2a Middlewares\ST\STM32_USB_Device_Library\Core\Src\usbd_core.o
                0x08001d78                USBD_Init
 .text.USBD_RegisterClass
                0x08001da2        0xe Middlewares\ST\STM32_USB_Device_Library\Core\Src\usbd_core.o
                0x08001da2                USBD_RegisterClass
 .text.USBD_Start
                0x08001db0        0xa Middlewares\ST\STM32_USB_Device_Library\Core\Src\usbd_core.o
                0x08001db0                USBD_Start
 .text.USBD_SetClassConfig
                0x08001dba       0x16 Middlewares\ST\STM32_USB_Device_Library\Core\Src\usbd_core.o
                0x08001dba                USBD_SetClassConfig
 .text.USBD_ClrClassConfig
                0x08001dd0        0xe Middlewares\ST\STM32_USB_Device_Library\Core\Src\usbd_core.o
                0x08001dd0                USBD_ClrClassConfig
 .text.USBD_LL_SetupStage
                0x08001dde       0x5a Middlewares\ST\STM32_USB_Device_Library\Core\Src\usbd_core.o
                0x08001dde                USBD_LL_SetupStage
 .text.USBD_LL_DataOutStage
                0x08001e38       0x62 Middlewares\ST\STM32_USB_Device_Library\Core\Src\usbd_core.o
                0x08001e38                USBD_LL_DataOutStage
 .text.USBD_LL_DataInStage
                0x08001e9a       0x9c Middlewares\ST\STM32_USB_Device_Library\Core\Src\usbd_core.o
                0x08001e9a                USBD_LL_DataInStage
 .text.USBD_LL_Reset
                0x08001f36       0x3e Middlewares\ST\STM32_USB_Device_Library\Core\Src\usbd_core.o
                0x08001f36                USBD_LL_Reset
 .text.USBD_LL_SetSpeed
                0x08001f74        0x6 Middlewares\ST\STM32_USB_Device_Library\Core\Src\usbd_core.o
                0x08001f74                USBD_LL_SetSpeed
 .text.USBD_LL_Suspend
                0x08001f7a       0x12 Middlewares\ST\STM32_USB_Device_Library\Core\Src\usbd_core.o
                0x08001f7a                USBD_LL_Suspend
 .text.USBD_LL_Resume
                0x08001f8c        0xc Middlewares\ST\STM32_USB_Device_Library\Core\Src\usbd_core.o
                0x08001f8c                USBD_LL_Resume
 .text.USBD_LL_SOF
                0x08001f98       0x18 Middlewares\ST\STM32_USB_Device_Library\Core\Src\usbd_core.o
                0x08001f98                USBD_LL_SOF
 .text.USBD_ParseSetupRequest
                0x08001fb0       0x28 Middlewares\ST\STM32_USB_Device_Library\Core\Src\usbd_ctlreq.o
                0x08001fb0                USBD_ParseSetupRequest
 .text.USBD_CtlError
                0x08001fd8       0x16 Middlewares\ST\STM32_USB_Device_Library\Core\Src\usbd_ctlreq.o
                0x08001fd8                USBD_CtlError
 *fill*         0x08001fee        0x2 
 .text.USBD_StdDevReq
                0x08001ff0      0x214 Middlewares\ST\STM32_USB_Device_Library\Core\Src\usbd_ctlreq.o
                0x08001ff0                USBD_StdDevReq
 .text.USBD_StdItfReq
                0x08002204       0x30 Middlewares\ST\STM32_USB_Device_Library\Core\Src\usbd_ctlreq.o
                0x08002204                USBD_StdItfReq
 .text.USBD_StdEPReq
                0x08002234       0xc6 Middlewares\ST\STM32_USB_Device_Library\Core\Src\usbd_ctlreq.o
                0x08002234                USBD_StdEPReq
 .text.USBD_GetString
                0x080022fa       0x38 Middlewares\ST\STM32_USB_Device_Library\Core\Src\usbd_ctlreq.o
                0x080022fa                USBD_GetString
 .text.USBD_CtlSendData
                0x08002332       0x1a Middlewares\ST\STM32_USB_Device_Library\Core\Src\usbd_ioreq.o
                0x08002332                USBD_CtlSendData
 .text.USBD_CtlContinueSendData
                0x0800234c       0x10 Middlewares\ST\STM32_USB_Device_Library\Core\Src\usbd_ioreq.o
                0x0800234c                USBD_CtlContinueSendData
 .text.USBD_CtlContinueRx
                0x0800235c       0x10 Middlewares\ST\STM32_USB_Device_Library\Core\Src\usbd_ioreq.o
                0x0800235c                USBD_CtlContinueRx
 .text.USBD_CtlSendStatus
                0x0800236c       0x16 Middlewares\ST\STM32_USB_Device_Library\Core\Src\usbd_ioreq.o
                0x0800236c                USBD_CtlSendStatus
 .text.USBD_CtlReceiveStatus
                0x08002382       0x16 Middlewares\ST\STM32_USB_Device_Library\Core\Src\usbd_ioreq.o
                0x08002382                USBD_CtlReceiveStatus
 .text.SystemClock_Config
                0x08002398       0x80 Src\main.o
                0x08002398                SystemClock_Config
 .text.startup.main
                0x08002418       0xc0 Src\main.o
                0x08002418                main
 .text.Error_Handler
                0x080024d8        0x2 Src\main.o
                0x080024d8                Error_Handler
 *fill*         0x080024da        0x2 
 .text.HAL_MspInit
                0x080024dc       0x8c Src\stm32f1xx_hal_msp.o
                0x080024dc                HAL_MspInit
 .text.NMI_Handler
                0x08002568        0x2 Src\stm32f1xx_it.o
                0x08002568                NMI_Handler
 .text.HardFault_Handler
                0x0800256a        0x2 Src\stm32f1xx_it.o
                0x0800256a                HardFault_Handler
 .text.MemManage_Handler
                0x0800256c        0x2 Src\stm32f1xx_it.o
                0x0800256c                MemManage_Handler
 .text.BusFault_Handler
                0x0800256e        0x2 Src\stm32f1xx_it.o
                0x0800256e                BusFault_Handler
 .text.UsageFault_Handler
                0x08002570        0x2 Src\stm32f1xx_it.o
                0x08002570                UsageFault_Handler
 .text.SVC_Handler
                0x08002572        0x2 Src\stm32f1xx_it.o
                0x08002572                SVC_Handler
 .text.DebugMon_Handler
                0x08002574        0x2 Src\stm32f1xx_it.o
                0x08002574                DebugMon_Handler
 .text.PendSV_Handler
                0x08002576        0x2 Src\stm32f1xx_it.o
                0x08002576                PendSV_Handler
 .text.SysTick_Handler
                0x08002578        0xe Src\stm32f1xx_it.o
                0x08002578                SysTick_Handler
 *fill*         0x08002586        0x2 
 .text.USB_LP_CAN1_RX0_IRQHandler
                0x08002588        0xc Src\stm32f1xx_it.o
                0x08002588                USB_LP_CAN1_RX0_IRQHandler
 .text.MX_USB_DEVICE_Init
                0x08002594       0x2c Src\usb_device.o
                0x08002594                MX_USB_DEVICE_Init
 .text.HAL_PCD_MspInit
                0x080025c0       0x3c Src\usbd_conf.o
                0x080025c0                HAL_PCD_MspInit
 .text.HAL_PCD_SetupStageCallback
                0x080025fc        0xc Src\usbd_conf.o
                0x080025fc                HAL_PCD_SetupStageCallback
 .text.HAL_PCD_DataOutStageCallback
                0x08002608       0x10 Src\usbd_conf.o
                0x08002608                HAL_PCD_DataOutStageCallback
 .text.HAL_PCD_DataInStageCallback
                0x08002618        0xe Src\usbd_conf.o
                0x08002618                HAL_PCD_DataInStageCallback
 .text.HAL_PCD_SOFCallback
                0x08002626        0x8 Src\usbd_conf.o
                0x08002626                HAL_PCD_SOFCallback
 .text.HAL_PCD_ResetCallback
                0x0800262e       0x1a Src\usbd_conf.o
                0x0800262e                HAL_PCD_ResetCallback
 .text.HAL_PCD_SuspendCallback
                0x08002648       0x20 Src\usbd_conf.o
                0x08002648                HAL_PCD_SuspendCallback
 .text.HAL_PCD_ResumeCallback
                0x08002668        0x8 Src\usbd_conf.o
                0x08002668                HAL_PCD_ResumeCallback
 .text.USBD_LL_Init
                0x08002670       0x68 Src\usbd_conf.o
                0x08002670                USBD_LL_Init
 .text.USBD_LL_Start
                0x080026d8        0xe Src\usbd_conf.o
                0x080026d8                USBD_LL_Start
 .text.USBD_LL_OpenEP
                0x080026e6       0x14 Src\usbd_conf.o
                0x080026e6                USBD_LL_OpenEP
 .text.USBD_LL_CloseEP
                0x080026fa        0xe Src\usbd_conf.o
                0x080026fa                USBD_LL_CloseEP
 .text.USBD_LL_StallEP
                0x08002708        0xe Src\usbd_conf.o
                0x08002708                USBD_LL_StallEP
 .text.USBD_LL_ClearStallEP
                0x08002716        0xe Src\usbd_conf.o
                0x08002716                USBD_LL_ClearStallEP
 .text.USBD_LL_IsStallEP
                0x08002724       0x20 Src\usbd_conf.o
                0x08002724                USBD_LL_IsStallEP
 .text.USBD_LL_SetUSBAddress
                0x08002744        0xe Src\usbd_conf.o
                0x08002744                USBD_LL_SetUSBAddress
 .text.USBD_LL_Transmit
                0x08002752        0xe Src\usbd_conf.o
                0x08002752                USBD_LL_Transmit
 .text.USBD_LL_PrepareReceive
                0x08002760        0xe Src\usbd_conf.o
                0x08002760                USBD_LL_PrepareReceive
 *fill*         0x0800276e        0x2 
 .text.USBD_static_malloc
                0x08002770        0x8 Src\usbd_conf.o
                0x08002770                USBD_static_malloc
 .text.USBD_static_free
                0x08002778        0x2 Src\usbd_conf.o
                0x08002778                USBD_static_free
 .text.HAL_PCDEx_SetConnectionState
                0x0800277a        0x2 Src\usbd_conf.o
                0x0800277a                HAL_PCDEx_SetConnectionState
 .text.USBD_FS_DeviceDescriptor
                0x0800277c        0xc Src\usbd_desc.o
                0x0800277c                USBD_FS_DeviceDescriptor
 .text.USBD_FS_LangIDStrDescriptor
                0x08002788        0xc Src\usbd_desc.o
                0x08002788                USBD_FS_LangIDStrDescriptor
 .text.USBD_FS_ManufacturerStrDescriptor
                0x08002794       0x1c Src\usbd_desc.o
                0x08002794                USBD_FS_ManufacturerStrDescriptor
 .text.USBD_FS_ProductStrDescriptor
                0x080027b0       0x1c Src\usbd_desc.o
                0x080027b0                USBD_FS_ProductStrDescriptor
 .text.USBD_FS_SerialStrDescriptor
                0x080027cc       0x1c Src\usbd_desc.o
                0x080027cc                USBD_FS_SerialStrDescriptor
 .text.USBD_FS_ConfigStrDescriptor
                0x080027e8       0x1c Src\usbd_desc.o
                0x080027e8                USBD_FS_ConfigStrDescriptor
 .text.USBD_FS_InterfaceStrDescriptor
                0x08002804       0x1c Src\usbd_desc.o
                0x08002804                USBD_FS_InterfaceStrDescriptor
 .text.__libc_init_array
                0x08002820       0x4c e:/systemfolders/programfiles/atollictruestudio/truestudio for arm 7.1.0/armtools/bin/../lib/gcc/arm-atollic-eabi/5.3.1/../../../../arm-atollic-eabi/lib/armv7-m\libc_nano.a(lib_a-init.o)
                0x08002820                __libc_init_array
 *(.glue_7)
 .glue_7        0x0800286c        0x0 linker stubs
 *(.glue_7t)
 .glue_7t       0x0800286c        0x0 linker stubs
 *(.eh_frame)
 .eh_frame      0x0800286c        0x0 e:/systemfolders/programfiles/atollictruestudio/truestudio for arm 7.1.0/armtools/bin/../lib/gcc/arm-atollic-eabi/5.3.1/armv7-m/crtbegin.o
 *(.init)
 .init          0x0800286c        0x4 e:/systemfolders/programfiles/atollictruestudio/truestudio for arm 7.1.0/armtools/bin/../lib/gcc/arm-atollic-eabi/5.3.1/armv7-m/crti.o
                0x0800286c                _init
 .init          0x08002870        0x8 e:/systemfolders/programfiles/atollictruestudio/truestudio for arm 7.1.0/armtools/bin/../lib/gcc/arm-atollic-eabi/5.3.1/armv7-m/crtn.o
 *(.fini)
 .fini          0x08002878        0x4 e:/systemfolders/programfiles/atollictruestudio/truestudio for arm 7.1.0/armtools/bin/../lib/gcc/arm-atollic-eabi/5.3.1/armv7-m/crti.o
                0x08002878                _fini
 .fini          0x0800287c        0x8 e:/systemfolders/programfiles/atollictruestudio/truestudio for arm 7.1.0/armtools/bin/../lib/gcc/arm-atollic-eabi/5.3.1/armv7-m/crtn.o
                0x08002884                . = ALIGN (0x4)
                0x08002884                _etext = .

.vfp11_veneer   0x08002884        0x0
 .vfp11_veneer  0x08002884        0x0 linker stubs

.v4_bx          0x08002884        0x0
 .v4_bx         0x08002884        0x0 linker stubs

.iplt           0x08002884        0x0
 .iplt          0x08002884        0x0 e:/systemfolders/programfiles/atollictruestudio/truestudio for arm 7.1.0/armtools/bin/../lib/gcc/arm-atollic-eabi/5.3.1/armv7-m/crtbegin.o

.rodata         0x08002884       0x74
                0x08002884                . = ALIGN (0x4)
 *(.rodata)
 .rodata        0x08002884       0x12 Drivers\STM32F1xx_HAL_Driver\Src\stm32f1xx_hal_rcc.o
 *(.rodata*)
 .rodata.AHBPrescTable
                0x08002896       0x10 Drivers\CMSIS\Device\ST\STM32F1xx\Source\Templates\system_stm32f1xx.o
                0x08002896                AHBPrescTable
 .rodata.str1.1
                0x080028a6       0x4f Src\usbd_desc.o
                0x080028f8                . = ALIGN (0x4)
 *fill*         0x080028f5        0x3 

.rel.dyn        0x080028f8        0x0
 .rel.iplt      0x080028f8        0x0 e:/systemfolders/programfiles/atollictruestudio/truestudio for arm 7.1.0/armtools/bin/../lib/gcc/arm-atollic-eabi/5.3.1/armv7-m/crtbegin.o

.ARM.extab
 *(.ARM.extab* .gnu.linkonce.armextab.*)

.ARM            0x080028f8        0x0
                0x080028f8                __exidx_start = .
 *(.ARM.exidx*)
                0x080028f8                __exidx_end = .

.preinit_array  0x080028f8        0x0
                0x080028f8                PROVIDE (__preinit_array_start, .)
 *(.preinit_array*)
                0x080028f8                PROVIDE (__preinit_array_end, .)

.init_array     0x080028f8        0x4
                0x080028f8                PROVIDE (__init_array_start, .)
 *(SORT(.init_array.*))
 *(.init_array*)
 .init_array    0x080028f8        0x4 e:/systemfolders/programfiles/atollictruestudio/truestudio for arm 7.1.0/armtools/bin/../lib/gcc/arm-atollic-eabi/5.3.1/armv7-m/crtbegin.o
                0x080028fc                PROVIDE (__init_array_end, .)

.fini_array     0x080028fc        0x4
                [!provide]                PROVIDE (__fini_array_start, .)
 *(SORT(.fini_array.*))
 *(.fini_array*)
 .fini_array    0x080028fc        0x4 e:/systemfolders/programfiles/atollictruestudio/truestudio for arm 7.1.0/armtools/bin/../lib/gcc/arm-atollic-eabi/5.3.1/armv7-m/crtbegin.o
                [!provide]                PROVIDE (__fini_array_end, .)
                0x08002900                _sidata = LOADADDR (.data)

.data           0x20000000       0xfc load address 0x08002900
                0x20000000                . = ALIGN (0x4)
                0x20000000                _sdata = .
 *(.data)
 *(.data*)
 .data.SystemCoreClock
                0x20000000        0x4 Drivers\CMSIS\Device\ST\STM32F1xx\Source\Templates\system_stm32f1xx.o
                0x20000000                SystemCoreClock
 .data.USBD_HID
                0x20000004       0x38 Middlewares\ST\STM32_USB_Device_Library\Class\HID\Src\usbd_hid.o
                0x20000004                USBD_HID
 .data.USBD_HID_Desc
                0x2000003c        0x9 Middlewares\ST\STM32_USB_Device_Library\Class\HID\Src\usbd_hid.o
 *fill*         0x20000045        0x3 
 .data.USBD_HID_DeviceQualifierDesc
                0x20000048        0xa Middlewares\ST\STM32_USB_Device_Library\Class\HID\Src\usbd_hid.o
 *fill*         0x20000052        0x2 
 .data.USBD_HID_CfgDesc
                0x20000054       0x22 Middlewares\ST\STM32_USB_Device_Library\Class\HID\Src\usbd_hid.o
 *fill*         0x20000076        0x2 
 .data.HID_CUSTOM_ReportDesc
                0x20000078       0x4e Middlewares\ST\STM32_USB_Device_Library\Class\HID\Src\usbd_hid.o
 *fill*         0x200000c6        0x2 
 .data.FS_Desc  0x200000c8       0x1c Src\usbd_desc.o
                0x200000c8                FS_Desc
 .data.USBD_LangIDDesc
                0x200000e4        0x4 Src\usbd_desc.o
                0x200000e4                USBD_LangIDDesc
 .data.USBD_FS_DeviceDesc
                0x200000e8       0x12 Src\usbd_desc.o
                0x200000e8                USBD_FS_DeviceDesc
                0x200000fc                . = ALIGN (0x4)
 *fill*         0x200000fa        0x2 
                0x200000fc                _edata = .

.igot.plt       0x200000fc        0x0 load address 0x080029fc
 .igot.plt      0x200000fc        0x0 e:/systemfolders/programfiles/atollictruestudio/truestudio for arm 7.1.0/armtools/bin/../lib/gcc/arm-atollic-eabi/5.3.1/armv7-m/crtbegin.o
                0x200000fc                . = ALIGN (0x4)

.bss            0x200000fc      0x87c load address 0x080029fc
                0x200000fc                _sbss = .
                0x200000fc                __bss_start__ = _sbss
 *(.bss)
 .bss           0x200000fc       0x1c e:/systemfolders/programfiles/atollictruestudio/truestudio for arm 7.1.0/armtools/bin/../lib/gcc/arm-atollic-eabi/5.3.1/armv7-m/crtbegin.o
 *(.bss*)
 .bss.uwTick    0x20000118        0x4 Drivers\STM32F1xx_HAL_Driver\Src\stm32f1xx_hal.o
 .bss.cfgidx.7472
                0x2000011c        0x1 Middlewares\ST\STM32_USB_Device_Library\Core\Src\usbd_ctlreq.o
 *fill*         0x2000011d        0x3 
 .bss.mem.7509  0x20000120       0x14 Src\usbd_conf.o
 *(COMMON)
 COMMON         0x20000134      0x224 Src\usb_device.o
                0x20000134                hUsbDeviceFS
 COMMON         0x20000358      0x420 Src\usbd_conf.o
                0x20000358                hpcd_USB_FS
 COMMON         0x20000778      0x200 Src\usbd_desc.o
                0x20000778                USBD_StrDesc
                0x20000978                . = ALIGN (0x4)
                0x20000978                _ebss = .
                0x20000978                __bss_end__ = _ebss

._user_heap_stack
                0x20000978      0x600 load address 0x080029fc
                0x20000978                . = ALIGN (0x4)
                [!provide]                PROVIDE (end, .)
                [!provide]                PROVIDE (_end, .)
                0x20000b78                . = (. + _Min_Heap_Size)
 *fill*         0x20000978      0x200 
                0x20000f78                . = (. + _Min_Stack_Size)
 *fill*         0x20000b78      0x400 
                0x20000f78                . = ALIGN (0x4)

/DISCARD/
 libc.a(*)
 libm.a(*)
 libgcc.a(*)

.ARM.attributes
                0x00000000       0x29
 *(.ARM.attributes)
 .ARM.attributes
                0x00000000       0x1d e:/systemfolders/programfiles/atollictruestudio/truestudio for arm 7.1.0/armtools/bin/../lib/gcc/arm-atollic-eabi/5.3.1/armv7-m/crti.o
 .ARM.attributes
                0x0000001d       0x2d e:/systemfolders/programfiles/atollictruestudio/truestudio for arm 7.1.0/armtools/bin/../lib/gcc/arm-atollic-eabi/5.3.1/armv7-m/crtbegin.o
 .ARM.attributes
                0x0000004a       0x21 Drivers\CMSIS\Device\ST\STM32F1xx\Source\Templates\gcc\startup_stm32f103xb.o
 .ARM.attributes
                0x0000006b       0x33 Drivers\CMSIS\Device\ST\STM32F1xx\Source\Templates\system_stm32f1xx.o
 .ARM.attributes
                0x0000009e       0x33 Drivers\STM32F1xx_HAL_Driver\Src\stm32f1xx_hal.o
 .ARM.attributes
                0x000000d1       0x33 Drivers\STM32F1xx_HAL_Driver\Src\stm32f1xx_hal_cortex.o
 .ARM.attributes
                0x00000104       0x33 Drivers\STM32F1xx_HAL_Driver\Src\stm32f1xx_hal_gpio.o
 .ARM.attributes
                0x00000137       0x33 Drivers\STM32F1xx_HAL_Driver\Src\stm32f1xx_hal_pcd.o
 .ARM.attributes
                0x0000016a       0x33 Drivers\STM32F1xx_HAL_Driver\Src\stm32f1xx_hal_pcd_ex.o
 .ARM.attributes
                0x0000019d       0x33 Drivers\STM32F1xx_HAL_Driver\Src\stm32f1xx_hal_rcc.o
 .ARM.attributes
                0x000001d0       0x33 Drivers\STM32F1xx_HAL_Driver\Src\stm32f1xx_hal_rcc_ex.o
 .ARM.attributes
                0x00000203       0x33 Drivers\STM32F1xx_HAL_Driver\Src\stm32f1xx_ll_usb.o
 .ARM.attributes
                0x00000236       0x33 Middlewares\ST\STM32_USB_Device_Library\Class\HID\Src\usbd_hid.o
 .ARM.attributes
                0x00000269       0x33 Middlewares\ST\STM32_USB_Device_Library\Core\Src\usbd_core.o
 .ARM.attributes
                0x0000029c       0x33 Middlewares\ST\STM32_USB_Device_Library\Core\Src\usbd_ctlreq.o
 .ARM.attributes
                0x000002cf       0x33 Middlewares\ST\STM32_USB_Device_Library\Core\Src\usbd_ioreq.o
 .ARM.attributes
                0x00000302       0x33 Src\main.o
 .ARM.attributes
                0x00000335       0x33 Src\stm32f1xx_hal_msp.o
 .ARM.attributes
                0x00000368       0x33 Src\stm32f1xx_it.o
 .ARM.attributes
                0x0000039b       0x33 Src\usb_device.o
 .ARM.attributes
                0x000003ce       0x33 Src\usbd_conf.o
 .ARM.attributes
                0x00000401       0x33 Src\usbd_desc.o
 .ARM.attributes
                0x00000434       0x2d e:/systemfolders/programfiles/atollictruestudio/truestudio for arm 7.1.0/armtools/bin/../lib/gcc/arm-atollic-eabi/5.3.1/../../../../arm-atollic-eabi/lib/armv7-m\libc_nano.a(lib_a-init.o)
 .ARM.attributes
                0x00000461       0x1d e:/systemfolders/programfiles/atollictruestudio/truestudio for arm 7.1.0/armtools/bin/../lib/gcc/arm-atollic-eabi/5.3.1/armv7-m/crtn.o
OUTPUT(test.elf elf32-littlearm)

.debug_line     0x00000000     0x4423
 .debug_line    0x00000000       0xac Drivers\CMSIS\Device\ST\STM32F1xx\Source\Templates\gcc\startup_stm32f103xb.o
 .debug_line    0x000000ac      0x221 Drivers\CMSIS\Device\ST\STM32F1xx\Source\Templates\system_stm32f1xx.o
 .debug_line    0x000002cd      0x397 Drivers\STM32F1xx_HAL_Driver\Src\stm32f1xx_hal.o
 .debug_line    0x00000664      0x39c Drivers\STM32F1xx_HAL_Driver\Src\stm32f1xx_hal_cortex.o
 .debug_line    0x00000a00      0x3b5 Drivers\STM32F1xx_HAL_Driver\Src\stm32f1xx_hal_gpio.o
 .debug_line    0x00000db5      0x66f Drivers\STM32F1xx_HAL_Driver\Src\stm32f1xx_hal_pcd.o
 .debug_line    0x00001424      0x259 Drivers\STM32F1xx_HAL_Driver\Src\stm32f1xx_hal_pcd_ex.o
 .debug_line    0x0000167d      0x7be Drivers\STM32F1xx_HAL_Driver\Src\stm32f1xx_hal_rcc.o
 .debug_line    0x00001e3b      0x39d Drivers\STM32F1xx_HAL_Driver\Src\stm32f1xx_hal_rcc_ex.o
 .debug_line    0x000021d8      0x530 Drivers\STM32F1xx_HAL_Driver\Src\stm32f1xx_ll_usb.o
 .debug_line    0x00002708      0x322 Middlewares\ST\STM32_USB_Device_Library\Class\HID\Src\usbd_hid.o
 .debug_line    0x00002a2a      0x3b8 Middlewares\ST\STM32_USB_Device_Library\Core\Src\usbd_core.o
 .debug_line    0x00002de2      0x302 Middlewares\ST\STM32_USB_Device_Library\Core\Src\usbd_ctlreq.o
 .debug_line    0x000030e4      0x264 Middlewares\ST\STM32_USB_Device_Library\Core\Src\usbd_ioreq.o
 .debug_line    0x00003348      0x2f1 Src\main.o
 .debug_line    0x00003639      0x1ff Src\stm32f1xx_hal_msp.o
 .debug_line    0x00003838      0x2a8 Src\stm32f1xx_it.o
 .debug_line    0x00003ae0      0x220 Src\usb_device.o
 .debug_line    0x00003d00      0x4f5 Src\usbd_conf.o
 .debug_line    0x000041f5      0x22e Src\usbd_desc.o

.debug_info     0x00000000     0xb2d1
 .debug_info    0x00000000       0x94 Drivers\CMSIS\Device\ST\STM32F1xx\Source\Templates\gcc\startup_stm32f103xb.o
 .debug_info    0x00000094      0x3e7 Drivers\CMSIS\Device\ST\STM32F1xx\Source\Templates\system_stm32f1xx.o
 .debug_info    0x0000047b      0x686 Drivers\STM32F1xx_HAL_Driver\Src\stm32f1xx_hal.o
 .debug_info    0x00000b01      0xc21 Drivers\STM32F1xx_HAL_Driver\Src\stm32f1xx_hal_cortex.o
 .debug_info    0x00001722      0x60b Drivers\STM32F1xx_HAL_Driver\Src\stm32f1xx_hal_gpio.o
 .debug_info    0x00001d2d      0xfd9 Drivers\STM32F1xx_HAL_Driver\Src\stm32f1xx_hal_pcd.o
 .debug_info    0x00002d06      0x5a5 Drivers\STM32F1xx_HAL_Driver\Src\stm32f1xx_hal_pcd_ex.o
 .debug_info    0x000032ab     0x1240 Drivers\STM32F1xx_HAL_Driver\Src\stm32f1xx_hal_rcc.o
 .debug_info    0x000044eb      0x577 Drivers\STM32F1xx_HAL_Driver\Src\stm32f1xx_hal_rcc_ex.o
 .debug_info    0x00004a62      0xd66 Drivers\STM32F1xx_HAL_Driver\Src\stm32f1xx_ll_usb.o
 .debug_info    0x000057c8      0x8d6 Middlewares\ST\STM32_USB_Device_Library\Class\HID\Src\usbd_hid.o
 .debug_info    0x0000609e      0xbd9 Middlewares\ST\STM32_USB_Device_Library\Core\Src\usbd_core.o
 .debug_info    0x00006c77      0xbc7 Middlewares\ST\STM32_USB_Device_Library\Core\Src\usbd_ctlreq.o
 .debug_info    0x0000783e      0x761 Middlewares\ST\STM32_USB_Device_Library\Core\Src\usbd_ioreq.o
 .debug_info    0x00007f9f      0x90e Src\main.o
 .debug_info    0x000088ad      0x432 Src\stm32f1xx_hal_msp.o
 .debug_info    0x00008cdf      0x5a6 Src\stm32f1xx_it.o
 .debug_info    0x00009285      0x543 Src\usb_device.o
 .debug_info    0x000097c8     0x161e Src\usbd_conf.o
 .debug_info    0x0000ade6      0x4eb Src\usbd_desc.o

.debug_abbrev   0x00000000     0x2691
 .debug_abbrev  0x00000000       0x12 Drivers\CMSIS\Device\ST\STM32F1xx\Source\Templates\gcc\startup_stm32f103xb.o
 .debug_abbrev  0x00000012      0x122 Drivers\CMSIS\Device\ST\STM32F1xx\Source\Templates\system_stm32f1xx.o
 .debug_abbrev  0x00000134      0x22e Drivers\STM32F1xx_HAL_Driver\Src\stm32f1xx_hal.o
 .debug_abbrev  0x00000362      0x2ee Drivers\STM32F1xx_HAL_Driver\Src\stm32f1xx_hal_cortex.o
 .debug_abbrev  0x00000650      0x1c8 Drivers\STM32F1xx_HAL_Driver\Src\stm32f1xx_hal_gpio.o
 .debug_abbrev  0x00000818      0x306 Drivers\STM32F1xx_HAL_Driver\Src\stm32f1xx_hal_pcd.o
 .debug_abbrev  0x00000b1e      0x16b Drivers\STM32F1xx_HAL_Driver\Src\stm32f1xx_hal_pcd_ex.o
 .debug_abbrev  0x00000c89      0x2bf Drivers\STM32F1xx_HAL_Driver\Src\stm32f1xx_hal_rcc.o
 .debug_abbrev  0x00000f48      0x22a Drivers\STM32F1xx_HAL_Driver\Src\stm32f1xx_hal_rcc_ex.o
 .debug_abbrev  0x00001172      0x21f Drivers\STM32F1xx_HAL_Driver\Src\stm32f1xx_ll_usb.o
 .debug_abbrev  0x00001391      0x1e3 Middlewares\ST\STM32_USB_Device_Library\Class\HID\Src\usbd_hid.o
 .debug_abbrev  0x00001574      0x270 Middlewares\ST\STM32_USB_Device_Library\Core\Src\usbd_core.o
 .debug_abbrev  0x000017e4      0x2c4 Middlewares\ST\STM32_USB_Device_Library\Core\Src\usbd_ctlreq.o
 .debug_abbrev  0x00001aa8      0x155 Middlewares\ST\STM32_USB_Device_Library\Core\Src\usbd_ioreq.o
 .debug_abbrev  0x00001bfd      0x223 Src\main.o
 .debug_abbrev  0x00001e20      0x121 Src\stm32f1xx_hal_msp.o
 .debug_abbrev  0x00001f41      0x199 Src\stm32f1xx_it.o
 .debug_abbrev  0x000020da      0x167 Src\usb_device.o
 .debug_abbrev  0x00002241      0x2b3 Src\usbd_conf.o
 .debug_abbrev  0x000024f4      0x19d Src\usbd_desc.o

.debug_aranges  0x00000000      0x818
 .debug_aranges
                0x00000000       0x28 Drivers\CMSIS\Device\ST\STM32F1xx\Source\Templates\gcc\startup_stm32f103xb.o
 .debug_aranges
                0x00000028       0x28 Drivers\CMSIS\Device\ST\STM32F1xx\Source\Templates\system_stm32f1xx.o
 .debug_aranges
                0x00000050       0xa8 Drivers\STM32F1xx_HAL_Driver\Src\stm32f1xx_hal.o
 .debug_aranges
                0x000000f8       0x90 Drivers\STM32F1xx_HAL_Driver\Src\stm32f1xx_hal_cortex.o
 .debug_aranges
                0x00000188       0x58 Drivers\STM32F1xx_HAL_Driver\Src\stm32f1xx_hal_gpio.o
 .debug_aranges
                0x000001e0       0xc0 Drivers\STM32F1xx_HAL_Driver\Src\stm32f1xx_hal_pcd.o
 .debug_aranges
                0x000002a0       0x28 Drivers\STM32F1xx_HAL_Driver\Src\stm32f1xx_hal_pcd_ex.o
 .debug_aranges
                0x000002c8       0x88 Drivers\STM32F1xx_HAL_Driver\Src\stm32f1xx_hal_rcc.o
 .debug_aranges
                0x00000350       0x30 Drivers\STM32F1xx_HAL_Driver\Src\stm32f1xx_hal_rcc_ex.o
 .debug_aranges
                0x00000380       0xe0 Drivers\STM32F1xx_HAL_Driver\Src\stm32f1xx_ll_usb.o
 .debug_aranges
                0x00000460       0x58 Middlewares\ST\STM32_USB_Device_Library\Class\HID\Src\usbd_hid.o
 .debug_aranges
                0x000004b8       0xa8 Middlewares\ST\STM32_USB_Device_Library\Core\Src\usbd_core.o
 .debug_aranges
                0x00000560       0x48 Middlewares\ST\STM32_USB_Device_Library\Core\Src\usbd_ctlreq.o
 .debug_aranges
                0x000005a8       0x50 Middlewares\ST\STM32_USB_Device_Library\Core\Src\usbd_ioreq.o
 .debug_aranges
                0x000005f8       0x30 Src\main.o
 .debug_aranges
                0x00000628       0x20 Src\stm32f1xx_hal_msp.o
 .debug_aranges
                0x00000648       0x50 Src\stm32f1xx_it.o
 .debug_aranges
                0x00000698       0x20 Src\usb_device.o
 .debug_aranges
                0x000006b8      0x110 Src\usbd_conf.o
 .debug_aranges
                0x000007c8       0x50 Src\usbd_desc.o

.debug_ranges   0x00000000      0x9b8
 .debug_ranges  0x00000000       0x20 Drivers\CMSIS\Device\ST\STM32F1xx\Source\Templates\gcc\startup_stm32f103xb.o
 .debug_ranges  0x00000020       0x18 Drivers\CMSIS\Device\ST\STM32F1xx\Source\Templates\system_stm32f1xx.o
 .debug_ranges  0x00000038       0x98 Drivers\STM32F1xx_HAL_Driver\Src\stm32f1xx_hal.o
 .debug_ranges  0x000000d0      0x130 Drivers\STM32F1xx_HAL_Driver\Src\stm32f1xx_hal_cortex.o
 .debug_ranges  0x00000200       0x68 Drivers\STM32F1xx_HAL_Driver\Src\stm32f1xx_hal_gpio.o
 .debug_ranges  0x00000268       0xd0 Drivers\STM32F1xx_HAL_Driver\Src\stm32f1xx_hal_pcd.o
 .debug_ranges  0x00000338       0x18 Drivers\STM32F1xx_HAL_Driver\Src\stm32f1xx_hal_pcd_ex.o
 .debug_ranges  0x00000350      0x148 Drivers\STM32F1xx_HAL_Driver\Src\stm32f1xx_hal_rcc.o
 .debug_ranges  0x00000498       0x68 Drivers\STM32F1xx_HAL_Driver\Src\stm32f1xx_hal_rcc_ex.o
 .debug_ranges  0x00000500      0x120 Drivers\STM32F1xx_HAL_Driver\Src\stm32f1xx_ll_usb.o
 .debug_ranges  0x00000620       0x48 Middlewares\ST\STM32_USB_Device_Library\Class\HID\Src\usbd_hid.o
 .debug_ranges  0x00000668       0x98 Middlewares\ST\STM32_USB_Device_Library\Core\Src\usbd_core.o
 .debug_ranges  0x00000700       0x38 Middlewares\ST\STM32_USB_Device_Library\Core\Src\usbd_ctlreq.o
 .debug_ranges  0x00000738       0x40 Middlewares\ST\STM32_USB_Device_Library\Core\Src\usbd_ioreq.o
 .debug_ranges  0x00000778       0x58 Src\main.o
 .debug_ranges  0x000007d0       0x30 Src\stm32f1xx_hal_msp.o
 .debug_ranges  0x00000800       0x40 Src\stm32f1xx_it.o
 .debug_ranges  0x00000840       0x10 Src\usb_device.o
 .debug_ranges  0x00000850      0x128 Src\usbd_conf.o
 .debug_ranges  0x00000978       0x40 Src\usbd_desc.o

.debug_loc      0x00000000     0x45d5
 .debug_loc     0x00000000       0xaa Drivers\CMSIS\Device\ST\STM32F1xx\Source\Templates\system_stm32f1xx.o
 .debug_loc     0x000000aa       0x73 Drivers\STM32F1xx_HAL_Driver\Src\stm32f1xx_hal.o
 .debug_loc     0x0000011d      0x48f Drivers\STM32F1xx_HAL_Driver\Src\stm32f1xx_hal_cortex.o
 .debug_loc     0x000005ac      0x2e8 Drivers\STM32F1xx_HAL_Driver\Src\stm32f1xx_hal_gpio.o
 .debug_loc     0x00000894      0x9d0 Drivers\STM32F1xx_HAL_Driver\Src\stm32f1xx_hal_pcd.o
 .debug_loc     0x00001264       0xa3 Drivers\STM32F1xx_HAL_Driver\Src\stm32f1xx_hal_pcd_ex.o
 .debug_loc     0x00001307      0x8a9 Drivers\STM32F1xx_HAL_Driver\Src\stm32f1xx_hal_rcc.o
 .debug_loc     0x00001bb0      0x378 Drivers\STM32F1xx_HAL_Driver\Src\stm32f1xx_hal_rcc_ex.o
 .debug_loc     0x00001f28      0xa61 Drivers\STM32F1xx_HAL_Driver\Src\stm32f1xx_ll_usb.o
 .debug_loc     0x00002989      0x430 Middlewares\ST\STM32_USB_Device_Library\Class\HID\Src\usbd_hid.o
 .debug_loc     0x00002db9      0x5d9 Middlewares\ST\STM32_USB_Device_Library\Core\Src\usbd_core.o
 .debug_loc     0x00003392      0x6d9 Middlewares\ST\STM32_USB_Device_Library\Core\Src\usbd_ctlreq.o
 .debug_loc     0x00003a6b      0x23c Middlewares\ST\STM32_USB_Device_Library\Core\Src\usbd_ioreq.o
 .debug_loc     0x00003ca7      0x6bb Src\usbd_conf.o
 .debug_loc     0x00004362      0x273 Src\usbd_desc.o

.debug_str      0x00000000     0x2676
 .debug_str     0x00000000      0x29b Drivers\CMSIS\Device\ST\STM32F1xx\Source\Templates\system_stm32f1xx.o
                                0x2f3 (size before relaxing)
 .debug_str     0x0000029b      0x572 Drivers\STM32F1xx_HAL_Driver\Src\stm32f1xx_hal.o
                                0x758 (size before relaxing)
 .debug_str     0x0000080d      0x283 Drivers\STM32F1xx_HAL_Driver\Src\stm32f1xx_hal_cortex.o
                                0x8c2 (size before relaxing)
 .debug_str     0x00000a90      0x1c9 Drivers\STM32F1xx_HAL_Driver\Src\stm32f1xx_hal_gpio.o
                                0x41d (size before relaxing)
 .debug_str     0x00000c59      0x6db Drivers\STM32F1xx_HAL_Driver\Src\stm32f1xx_hal_pcd.o
                                0x931 (size before relaxing)
 .debug_str     0x00001334       0x57 Drivers\STM32F1xx_HAL_Driver\Src\stm32f1xx_hal_pcd_ex.o
                                0x554 (size before relaxing)
 .debug_str     0x0000138b      0x2e8 Drivers\STM32F1xx_HAL_Driver\Src\stm32f1xx_hal_rcc.o
                                0x621 (size before relaxing)
 .debug_str     0x00001673      0x12b Drivers\STM32F1xx_HAL_Driver\Src\stm32f1xx_hal_rcc_ex.o
                                0x3e5 (size before relaxing)
 .debug_str     0x0000179e      0x124 Drivers\STM32F1xx_HAL_Driver\Src\stm32f1xx_ll_usb.o
                                0x6d1 (size before relaxing)
 .debug_str     0x000018c2      0x56f Middlewares\ST\STM32_USB_Device_Library\Class\HID\Src\usbd_hid.o
                                0x7a2 (size before relaxing)
 .debug_str     0x00001e31      0x29f Middlewares\ST\STM32_USB_Device_Library\Core\Src\usbd_core.o
                                0x823 (size before relaxing)
 .debug_str     0x000020d0      0x11b Middlewares\ST\STM32_USB_Device_Library\Core\Src\usbd_ctlreq.o
                                0x755 (size before relaxing)
 .debug_str     0x000021eb       0x79 Middlewares\ST\STM32_USB_Device_Library\Core\Src\usbd_ioreq.o
                                0x682 (size before relaxing)
 .debug_str     0x00002264       0xb0 Src\main.o
                                0x868 (size before relaxing)
 .debug_str     0x00002314       0x27 Src\stm32f1xx_hal_msp.o
                                0x538 (size before relaxing)
 .debug_str     0x0000233b       0xa4 Src\stm32f1xx_it.o
                                0x56f (size before relaxing)
 .debug_str     0x000023df       0x29 Src\usb_device.o
                                0x5a7 (size before relaxing)
 .debug_str     0x00002408      0x160 Src\usbd_conf.o
                               0x10ea (size before relaxing)
 .debug_str     0x00002568      0x10e Src\usbd_desc.o
                                0x3e2 (size before relaxing)

.comment        0x00000000       0x7e
 .comment       0x00000000       0x7e Drivers\CMSIS\Device\ST\STM32F1xx\Source\Templates\system_stm32f1xx.o
                                 0x7f (size before relaxing)
 .comment       0x0000007e       0x7f Drivers\STM32F1xx_HAL_Driver\Src\stm32f1xx_hal.o
 .comment       0x0000007e       0x7f Drivers\STM32F1xx_HAL_Driver\Src\stm32f1xx_hal_cortex.o
 .comment       0x0000007e       0x7f Drivers\STM32F1xx_HAL_Driver\Src\stm32f1xx_hal_gpio.o
 .comment       0x0000007e       0x7f Drivers\STM32F1xx_HAL_Driver\Src\stm32f1xx_hal_pcd.o
 .comment       0x0000007e       0x7f Drivers\STM32F1xx_HAL_Driver\Src\stm32f1xx_hal_pcd_ex.o
 .comment       0x0000007e       0x7f Drivers\STM32F1xx_HAL_Driver\Src\stm32f1xx_hal_rcc.o
 .comment       0x0000007e       0x7f Drivers\STM32F1xx_HAL_Driver\Src\stm32f1xx_hal_rcc_ex.o
 .comment       0x0000007e       0x7f Drivers\STM32F1xx_HAL_Driver\Src\stm32f1xx_ll_usb.o
 .comment       0x0000007e       0x7f Middlewares\ST\STM32_USB_Device_Library\Class\HID\Src\usbd_hid.o
 .comment       0x0000007e       0x7f Middlewares\ST\STM32_USB_Device_Library\Core\Src\usbd_core.o
 .comment       0x0000007e       0x7f Middlewares\ST\STM32_USB_Device_Library\Core\Src\usbd_ctlreq.o
 .comment       0x0000007e       0x7f Middlewares\ST\STM32_USB_Device_Library\Core\Src\usbd_ioreq.o
 .comment       0x0000007e       0x7f Src\main.o
 .comment       0x0000007e       0x7f Src\stm32f1xx_hal_msp.o
 .comment       0x0000007e       0x7f Src\stm32f1xx_it.o
 .comment       0x0000007e       0x7f Src\usb_device.o
 .comment       0x0000007e       0x7f Src\usbd_conf.o
 .comment       0x0000007e       0x7f Src\usbd_desc.o

.debug_frame    0x00000000     0x12f4
 .debug_frame   0x00000000       0x30 Drivers\CMSIS\Device\ST\STM32F1xx\Source\Templates\system_stm32f1xx.o
 .debug_frame   0x00000030      0x164 Drivers\STM32F1xx_HAL_Driver\Src\stm32f1xx_hal.o
 .debug_frame   0x00000194      0x120 Drivers\STM32F1xx_HAL_Driver\Src\stm32f1xx_hal_cortex.o
 .debug_frame   0x000002b4       0xd4 Drivers\STM32F1xx_HAL_Driver\Src\stm32f1xx_hal_gpio.o
 .debug_frame   0x00000388      0x2b8 Drivers\STM32F1xx_HAL_Driver\Src\stm32f1xx_hal_pcd.o
 .debug_frame   0x00000640       0x30 Drivers\STM32F1xx_HAL_Driver\Src\stm32f1xx_hal_pcd_ex.o
 .debug_frame   0x00000670      0x14c Drivers\STM32F1xx_HAL_Driver\Src\stm32f1xx_hal_rcc.o
 .debug_frame   0x000007bc       0x6c Drivers\STM32F1xx_HAL_Driver\Src\stm32f1xx_hal_rcc_ex.o
 .debug_frame   0x00000828      0x230 Drivers\STM32F1xx_HAL_Driver\Src\stm32f1xx_ll_usb.o
 .debug_frame   0x00000a58       0xb4 Middlewares\ST\STM32_USB_Device_Library\Class\HID\Src\usbd_hid.o
 .debug_frame   0x00000b0c      0x1c0 Middlewares\ST\STM32_USB_Device_Library\Core\Src\usbd_core.o
 .debug_frame   0x00000ccc       0xb0 Middlewares\ST\STM32_USB_Device_Library\Core\Src\usbd_ctlreq.o
 .debug_frame   0x00000d7c       0xb8 Middlewares\ST\STM32_USB_Device_Library\Core\Src\usbd_ioreq.o
 .debug_frame   0x00000e34       0x58 Src\main.o
 .debug_frame   0x00000e8c       0x28 Src\stm32f1xx_hal_msp.o
 .debug_frame   0x00000eb4       0xbc Src\stm32f1xx_it.o
 .debug_frame   0x00000f70       0x2c Src\usb_device.o
 .debug_frame   0x00000f9c      0x284 Src\usbd_conf.o
 .debug_frame   0x00001220       0xa8 Src\usbd_desc.o
 .debug_frame   0x000012c8       0x2c e:/systemfolders/programfiles/atollictruestudio/truestudio for arm 7.1.0/armtools/bin/../lib/gcc/arm-atollic-eabi/5.3.1/../../../../arm-atollic-eabi/lib/armv7-m\libc_nano.a(lib_a-init.o)

Cross Reference Table

Symbol                                            File
ADC1_2_IRQHandler                                 Drivers\CMSIS\Device\ST\STM32F1xx\Source\Templates\gcc\startup_stm32f103xb.o
AHBPrescTable                                     Drivers\CMSIS\Device\ST\STM32F1xx\Source\Templates\system_stm32f1xx.o
                                                  Drivers\STM32F1xx_HAL_Driver\Src\stm32f1xx_hal_rcc.o
APBPrescTable                                     Drivers\CMSIS\Device\ST\STM32F1xx\Source\Templates\system_stm32f1xx.o
                                                  Drivers\STM32F1xx_HAL_Driver\Src\stm32f1xx_hal_rcc.o
BusFault_Handler                                  Src\stm32f1xx_it.o
                                                  Drivers\CMSIS\Device\ST\STM32F1xx\Source\Templates\gcc\startup_stm32f103xb.o
CAN1_RX1_IRQHandler                               Drivers\CMSIS\Device\ST\STM32F1xx\Source\Templates\gcc\startup_stm32f103xb.o
CAN1_SCE_IRQHandler                               Drivers\CMSIS\Device\ST\STM32F1xx\Source\Templates\gcc\startup_stm32f103xb.o
DMA1_Channel1_IRQHandler                          Drivers\CMSIS\Device\ST\STM32F1xx\Source\Templates\gcc\startup_stm32f103xb.o
DMA1_Channel2_IRQHandler                          Drivers\CMSIS\Device\ST\STM32F1xx\Source\Templates\gcc\startup_stm32f103xb.o
DMA1_Channel3_IRQHandler                          Drivers\CMSIS\Device\ST\STM32F1xx\Source\Templates\gcc\startup_stm32f103xb.o
DMA1_Channel4_IRQHandler                          Drivers\CMSIS\Device\ST\STM32F1xx\Source\Templates\gcc\startup_stm32f103xb.o
DMA1_Channel5_IRQHandler                          Drivers\CMSIS\Device\ST\STM32F1xx\Source\Templates\gcc\startup_stm32f103xb.o
DMA1_Channel6_IRQHandler                          Drivers\CMSIS\Device\ST\STM32F1xx\Source\Templates\gcc\startup_stm32f103xb.o
DMA1_Channel7_IRQHandler                          Drivers\CMSIS\Device\ST\STM32F1xx\Source\Templates\gcc\startup_stm32f103xb.o
DebugMon_Handler                                  Src\stm32f1xx_it.o
                                                  Drivers\CMSIS\Device\ST\STM32F1xx\Source\Templates\gcc\startup_stm32f103xb.o
Default_Handler                                   Drivers\CMSIS\Device\ST\STM32F1xx\Source\Templates\gcc\startup_stm32f103xb.o
EXTI0_IRQHandler                                  Drivers\CMSIS\Device\ST\STM32F1xx\Source\Templates\gcc\startup_stm32f103xb.o
EXTI15_10_IRQHandler                              Drivers\CMSIS\Device\ST\STM32F1xx\Source\Templates\gcc\startup_stm32f103xb.o
EXTI1_IRQHandler                                  Drivers\CMSIS\Device\ST\STM32F1xx\Source\Templates\gcc\startup_stm32f103xb.o
EXTI2_IRQHandler                                  Drivers\CMSIS\Device\ST\STM32F1xx\Source\Templates\gcc\startup_stm32f103xb.o
EXTI3_IRQHandler                                  Drivers\CMSIS\Device\ST\STM32F1xx\Source\Templates\gcc\startup_stm32f103xb.o
EXTI4_IRQHandler                                  Drivers\CMSIS\Device\ST\STM32F1xx\Source\Templates\gcc\startup_stm32f103xb.o
EXTI9_5_IRQHandler                                Drivers\CMSIS\Device\ST\STM32F1xx\Source\Templates\gcc\startup_stm32f103xb.o
Error_Handler                                     Src\main.o
                                                  Src\usbd_conf.o
FLASH_IRQHandler                                  Drivers\CMSIS\Device\ST\STM32F1xx\Source\Templates\gcc\startup_stm32f103xb.o
FLASH_PageErase                                   Drivers\STM32F1xx_HAL_Driver\Src\stm32f1xx_hal_flash_ex.o
                                                  Drivers\STM32F1xx_HAL_Driver\Src\stm32f1xx_hal_flash.o
FLASH_WaitForLastOperation                        Drivers\STM32F1xx_HAL_Driver\Src\stm32f1xx_hal_flash.o
                                                  Drivers\STM32F1xx_HAL_Driver\Src\stm32f1xx_hal_flash_ex.o
FS_Desc                                           Src\usbd_desc.o
                                                  Src\usb_device.o
HAL_DBGMCU_DisableDBGSleepMode                    Drivers\STM32F1xx_HAL_Driver\Src\stm32f1xx_hal.o
HAL_DBGMCU_DisableDBGStandbyMode                  Drivers\STM32F1xx_HAL_Driver\Src\stm32f1xx_hal.o
HAL_DBGMCU_DisableDBGStopMode                     Drivers\STM32F1xx_HAL_Driver\Src\stm32f1xx_hal.o
HAL_DBGMCU_EnableDBGSleepMode                     Drivers\STM32F1xx_HAL_Driver\Src\stm32f1xx_hal.o
HAL_DBGMCU_EnableDBGStandbyMode                   Drivers\STM32F1xx_HAL_Driver\Src\stm32f1xx_hal.o
HAL_DBGMCU_EnableDBGStopMode                      Drivers\STM32F1xx_HAL_Driver\Src\stm32f1xx_hal.o
HAL_DMA_Abort                                     Drivers\STM32F1xx_HAL_Driver\Src\stm32f1xx_hal_dma.o
HAL_DMA_DeInit                                    Drivers\STM32F1xx_HAL_Driver\Src\stm32f1xx_hal_dma.o
HAL_DMA_GetError                                  Drivers\STM32F1xx_HAL_Driver\Src\stm32f1xx_hal_dma.o
HAL_DMA_GetState                                  Drivers\STM32F1xx_HAL_Driver\Src\stm32f1xx_hal_dma.o
HAL_DMA_IRQHandler                                Drivers\STM32F1xx_HAL_Driver\Src\stm32f1xx_hal_dma.o
HAL_DMA_Init                                      Drivers\STM32F1xx_HAL_Driver\Src\stm32f1xx_hal_dma.o
HAL_DMA_PollForTransfer                           Drivers\STM32F1xx_HAL_Driver\Src\stm32f1xx_hal_dma.o
HAL_DMA_Start                                     Drivers\STM32F1xx_HAL_Driver\Src\stm32f1xx_hal_dma.o
HAL_DMA_Start_IT                                  Drivers\STM32F1xx_HAL_Driver\Src\stm32f1xx_hal_dma.o
HAL_DeInit                                        Drivers\STM32F1xx_HAL_Driver\Src\stm32f1xx_hal.o
HAL_Delay                                         Drivers\STM32F1xx_HAL_Driver\Src\stm32f1xx_hal.o
                                                  Src\usbd_conf.o
                                                  Src\main.o
                                                  Drivers\STM32F1xx_HAL_Driver\Src\stm32f1xx_hal_rcc.o
HAL_FLASHEx_Erase                                 Drivers\STM32F1xx_HAL_Driver\Src\stm32f1xx_hal_flash_ex.o
HAL_FLASHEx_Erase_IT                              Drivers\STM32F1xx_HAL_Driver\Src\stm32f1xx_hal_flash_ex.o
HAL_FLASHEx_OBErase                               Drivers\STM32F1xx_HAL_Driver\Src\stm32f1xx_hal_flash_ex.o
HAL_FLASHEx_OBGetConfig                           Drivers\STM32F1xx_HAL_Driver\Src\stm32f1xx_hal_flash_ex.o
HAL_FLASHEx_OBGetUserData                         Drivers\STM32F1xx_HAL_Driver\Src\stm32f1xx_hal_flash_ex.o
HAL_FLASHEx_OBProgram                             Drivers\STM32F1xx_HAL_Driver\Src\stm32f1xx_hal_flash_ex.o
HAL_FLASH_EndOfOperationCallback                  Drivers\STM32F1xx_HAL_Driver\Src\stm32f1xx_hal_flash.o
HAL_FLASH_GetError                                Drivers\STM32F1xx_HAL_Driver\Src\stm32f1xx_hal_flash.o
HAL_FLASH_IRQHandler                              Drivers\STM32F1xx_HAL_Driver\Src\stm32f1xx_hal_flash.o
HAL_FLASH_Lock                                    Drivers\STM32F1xx_HAL_Driver\Src\stm32f1xx_hal_flash.o
HAL_FLASH_OB_Launch                               Drivers\STM32F1xx_HAL_Driver\Src\stm32f1xx_hal_flash.o
HAL_FLASH_OB_Lock                                 Drivers\STM32F1xx_HAL_Driver\Src\stm32f1xx_hal_flash.o
HAL_FLASH_OB_Unlock                               Drivers\STM32F1xx_HAL_Driver\Src\stm32f1xx_hal_flash.o
HAL_FLASH_OperationErrorCallback                  Drivers\STM32F1xx_HAL_Driver\Src\stm32f1xx_hal_flash.o
HAL_FLASH_Program                                 Drivers\STM32F1xx_HAL_Driver\Src\stm32f1xx_hal_flash.o
HAL_FLASH_Program_IT                              Drivers\STM32F1xx_HAL_Driver\Src\stm32f1xx_hal_flash.o
HAL_FLASH_Unlock                                  Drivers\STM32F1xx_HAL_Driver\Src\stm32f1xx_hal_flash.o
HAL_GPIOEx_ConfigEventout                         Drivers\STM32F1xx_HAL_Driver\Src\stm32f1xx_hal_gpio_ex.o
HAL_GPIOEx_DisableEventout                        Drivers\STM32F1xx_HAL_Driver\Src\stm32f1xx_hal_gpio_ex.o
HAL_GPIOEx_EnableEventout                         Drivers\STM32F1xx_HAL_Driver\Src\stm32f1xx_hal_gpio_ex.o
HAL_GPIO_DeInit                                   Drivers\STM32F1xx_HAL_Driver\Src\stm32f1xx_hal_gpio.o
HAL_GPIO_EXTI_Callback                            Drivers\STM32F1xx_HAL_Driver\Src\stm32f1xx_hal_gpio.o
HAL_GPIO_EXTI_IRQHandler                          Drivers\STM32F1xx_HAL_Driver\Src\stm32f1xx_hal_gpio.o
HAL_GPIO_Init                                     Drivers\STM32F1xx_HAL_Driver\Src\stm32f1xx_hal_gpio.o
                                                  Src\main.o
                                                  Drivers\STM32F1xx_HAL_Driver\Src\stm32f1xx_hal_rcc.o
HAL_GPIO_LockPin                                  Drivers\STM32F1xx_HAL_Driver\Src\stm32f1xx_hal_gpio.o
HAL_GPIO_ReadPin                                  Drivers\STM32F1xx_HAL_Driver\Src\stm32f1xx_hal_gpio.o
HAL_GPIO_TogglePin                                Drivers\STM32F1xx_HAL_Driver\Src\stm32f1xx_hal_gpio.o
                                                  Src\main.o
HAL_GPIO_WritePin                                 Drivers\STM32F1xx_HAL_Driver\Src\stm32f1xx_hal_gpio.o
                                                  Src\main.o
HAL_GetDEVID                                      Drivers\STM32F1xx_HAL_Driver\Src\stm32f1xx_hal.o
HAL_GetHalVersion                                 Drivers\STM32F1xx_HAL_Driver\Src\stm32f1xx_hal.o
HAL_GetREVID                                      Drivers\STM32F1xx_HAL_Driver\Src\stm32f1xx_hal.o
HAL_GetTick                                       Drivers\STM32F1xx_HAL_Driver\Src\stm32f1xx_hal.o
                                                  Drivers\STM32F1xx_HAL_Driver\Src\stm32f1xx_hal_rcc_ex.o
                                                  Drivers\STM32F1xx_HAL_Driver\Src\stm32f1xx_hal_rcc.o
                                                  Drivers\STM32F1xx_HAL_Driver\Src\stm32f1xx_hal_flash.o
                                                  Drivers\STM32F1xx_HAL_Driver\Src\stm32f1xx_hal_dma.o
HAL_IncTick                                       Drivers\STM32F1xx_HAL_Driver\Src\stm32f1xx_hal.o
                                                  Src\stm32f1xx_it.o
HAL_Init                                          Drivers\STM32F1xx_HAL_Driver\Src\stm32f1xx_hal.o
                                                  Src\main.o
HAL_InitTick                                      Drivers\STM32F1xx_HAL_Driver\Src\stm32f1xx_hal.o
                                                  Drivers\STM32F1xx_HAL_Driver\Src\stm32f1xx_hal_rcc.o
HAL_MspDeInit                                     Drivers\STM32F1xx_HAL_Driver\Src\stm32f1xx_hal.o
HAL_MspInit                                       Src\stm32f1xx_hal_msp.o
                                                  Drivers\STM32F1xx_HAL_Driver\Src\stm32f1xx_hal.o
HAL_NVIC_ClearPendingIRQ                          Drivers\STM32F1xx_HAL_Driver\Src\stm32f1xx_hal_cortex.o
HAL_NVIC_DisableIRQ                               Drivers\STM32F1xx_HAL_Driver\Src\stm32f1xx_hal_cortex.o
                                                  Src\usbd_conf.o
HAL_NVIC_EnableIRQ                                Drivers\STM32F1xx_HAL_Driver\Src\stm32f1xx_hal_cortex.o
                                                  Src\usbd_conf.o
HAL_NVIC_GetActive                                Drivers\STM32F1xx_HAL_Driver\Src\stm32f1xx_hal_cortex.o
HAL_NVIC_GetPendingIRQ                            Drivers\STM32F1xx_HAL_Driver\Src\stm32f1xx_hal_cortex.o
HAL_NVIC_GetPriority                              Drivers\STM32F1xx_HAL_Driver\Src\stm32f1xx_hal_cortex.o
HAL_NVIC_GetPriorityGrouping                      Drivers\STM32F1xx_HAL_Driver\Src\stm32f1xx_hal_cortex.o
HAL_NVIC_SetPendingIRQ                            Drivers\STM32F1xx_HAL_Driver\Src\stm32f1xx_hal_cortex.o
HAL_NVIC_SetPriority                              Drivers\STM32F1xx_HAL_Driver\Src\stm32f1xx_hal_cortex.o
                                                  Src\usbd_conf.o
                                                  Src\stm32f1xx_hal_msp.o
                                                  Src\main.o
                                                  Drivers\STM32F1xx_HAL_Driver\Src\stm32f1xx_hal.o
HAL_NVIC_SetPriorityGrouping                      Drivers\STM32F1xx_HAL_Driver\Src\stm32f1xx_hal_cortex.o
                                                  Src\stm32f1xx_hal_msp.o
                                                  Drivers\STM32F1xx_HAL_Driver\Src\stm32f1xx_hal.o
HAL_NVIC_SystemReset                              Drivers\STM32F1xx_HAL_Driver\Src\stm32f1xx_hal_cortex.o
                                                  Drivers\STM32F1xx_HAL_Driver\Src\stm32f1xx_hal_flash.o
HAL_PCDEx_PMAConfig                               Drivers\STM32F1xx_HAL_Driver\Src\stm32f1xx_hal_pcd_ex.o
                                                  Src\usbd_conf.o
HAL_PCDEx_SetConnectionState                      Src\usbd_conf.o
                                                  Drivers\STM32F1xx_HAL_Driver\Src\stm32f1xx_hal_pcd_ex.o
                                                  Drivers\STM32F1xx_HAL_Driver\Src\stm32f1xx_hal_pcd.o
HAL_PCD_ActivateRemoteWakeup                      Drivers\STM32F1xx_HAL_Driver\Src\stm32f1xx_hal_pcd.o
HAL_PCD_ConnectCallback                           Src\usbd_conf.o
                                                  Drivers\STM32F1xx_HAL_Driver\Src\stm32f1xx_hal_pcd.o
HAL_PCD_DataInStageCallback                       Src\usbd_conf.o
                                                  Drivers\STM32F1xx_HAL_Driver\Src\stm32f1xx_hal_pcd.o
HAL_PCD_DataOutStageCallback                      Src\usbd_conf.o
                                                  Drivers\STM32F1xx_HAL_Driver\Src\stm32f1xx_hal_pcd.o
HAL_PCD_DeActivateRemoteWakeup                    Drivers\STM32F1xx_HAL_Driver\Src\stm32f1xx_hal_pcd.o
HAL_PCD_DeInit                                    Drivers\STM32F1xx_HAL_Driver\Src\stm32f1xx_hal_pcd.o
                                                  Src\usbd_conf.o
HAL_PCD_DevConnect                                Drivers\STM32F1xx_HAL_Driver\Src\stm32f1xx_hal_pcd.o
HAL_PCD_DevDisconnect                             Drivers\STM32F1xx_HAL_Driver\Src\stm32f1xx_hal_pcd.o
HAL_PCD_DisconnectCallback                        Src\usbd_conf.o
                                                  Drivers\STM32F1xx_HAL_Driver\Src\stm32f1xx_hal_pcd.o
HAL_PCD_EP_Close                                  Drivers\STM32F1xx_HAL_Driver\Src\stm32f1xx_hal_pcd.o
                                                  Src\usbd_conf.o
HAL_PCD_EP_ClrStall                               Drivers\STM32F1xx_HAL_Driver\Src\stm32f1xx_hal_pcd.o
                                                  Src\usbd_conf.o
HAL_PCD_EP_Flush                                  Drivers\STM32F1xx_HAL_Driver\Src\stm32f1xx_hal_pcd.o
                                                  Src\usbd_conf.o
HAL_PCD_EP_GetRxCount                             Drivers\STM32F1xx_HAL_Driver\Src\stm32f1xx_hal_pcd.o
                                                  Src\usbd_conf.o
HAL_PCD_EP_Open                                   Drivers\STM32F1xx_HAL_Driver\Src\stm32f1xx_hal_pcd.o
                                                  Src\usbd_conf.o
HAL_PCD_EP_Receive                                Drivers\STM32F1xx_HAL_Driver\Src\stm32f1xx_hal_pcd.o
                                                  Src\usbd_conf.o
HAL_PCD_EP_SetStall                               Drivers\STM32F1xx_HAL_Driver\Src\stm32f1xx_hal_pcd.o
                                                  Src\usbd_conf.o
HAL_PCD_EP_Transmit                               Drivers\STM32F1xx_HAL_Driver\Src\stm32f1xx_hal_pcd.o
                                                  Src\usbd_conf.o
HAL_PCD_GetState                                  Drivers\STM32F1xx_HAL_Driver\Src\stm32f1xx_hal_pcd.o
HAL_PCD_IRQHandler                                Drivers\STM32F1xx_HAL_Driver\Src\stm32f1xx_hal_pcd.o
                                                  Src\stm32f1xx_it.o
HAL_PCD_ISOINIncompleteCallback                   Src\usbd_conf.o
                                                  Drivers\STM32F1xx_HAL_Driver\Src\stm32f1xx_hal_pcd.o
HAL_PCD_ISOOUTIncompleteCallback                  Src\usbd_conf.o
                                                  Drivers\STM32F1xx_HAL_Driver\Src\stm32f1xx_hal_pcd.o
HAL_PCD_Init                                      Drivers\STM32F1xx_HAL_Driver\Src\stm32f1xx_hal_pcd.o
                                                  Src\usbd_conf.o
HAL_PCD_MspDeInit                                 Src\usbd_conf.o
                                                  Drivers\STM32F1xx_HAL_Driver\Src\stm32f1xx_hal_pcd.o
HAL_PCD_MspInit                                   Src\usbd_conf.o
                                                  Drivers\STM32F1xx_HAL_Driver\Src\stm32f1xx_hal_pcd.o
HAL_PCD_ResetCallback                             Src\usbd_conf.o
                                                  Drivers\STM32F1xx_HAL_Driver\Src\stm32f1xx_hal_pcd.o
HAL_PCD_ResumeCallback                            Src\usbd_conf.o
                                                  Drivers\STM32F1xx_HAL_Driver\Src\stm32f1xx_hal_pcd.o
HAL_PCD_SOFCallback                               Src\usbd_conf.o
                                                  Drivers\STM32F1xx_HAL_Driver\Src\stm32f1xx_hal_pcd.o
HAL_PCD_SetAddress                                Drivers\STM32F1xx_HAL_Driver\Src\stm32f1xx_hal_pcd.o
                                                  Src\usbd_conf.o
HAL_PCD_SetupStageCallback                        Src\usbd_conf.o
                                                  Drivers\STM32F1xx_HAL_Driver\Src\stm32f1xx_hal_pcd.o
HAL_PCD_Start                                     Drivers\STM32F1xx_HAL_Driver\Src\stm32f1xx_hal_pcd.o
                                                  Src\usbd_conf.o
HAL_PCD_Stop                                      Drivers\STM32F1xx_HAL_Driver\Src\stm32f1xx_hal_pcd.o
                                                  Src\usbd_conf.o
HAL_PCD_SuspendCallback                           Src\usbd_conf.o
                                                  Drivers\STM32F1xx_HAL_Driver\Src\stm32f1xx_hal_pcd.o
HAL_PWR_ConfigPVD                                 Drivers\STM32F1xx_HAL_Driver\Src\stm32f1xx_hal_pwr.o
HAL_PWR_DeInit                                    Drivers\STM32F1xx_HAL_Driver\Src\stm32f1xx_hal_pwr.o
HAL_PWR_DisableBkUpAccess                         Drivers\STM32F1xx_HAL_Driver\Src\stm32f1xx_hal_pwr.o
HAL_PWR_DisablePVD                                Drivers\STM32F1xx_HAL_Driver\Src\stm32f1xx_hal_pwr.o
HAL_PWR_DisableSEVOnPend                          Drivers\STM32F1xx_HAL_Driver\Src\stm32f1xx_hal_pwr.o
HAL_PWR_DisableSleepOnExit                        Drivers\STM32F1xx_HAL_Driver\Src\stm32f1xx_hal_pwr.o
HAL_PWR_DisableWakeUpPin                          Drivers\STM32F1xx_HAL_Driver\Src\stm32f1xx_hal_pwr.o
HAL_PWR_EnableBkUpAccess                          Drivers\STM32F1xx_HAL_Driver\Src\stm32f1xx_hal_pwr.o
HAL_PWR_EnablePVD                                 Drivers\STM32F1xx_HAL_Driver\Src\stm32f1xx_hal_pwr.o
HAL_PWR_EnableSEVOnPend                           Drivers\STM32F1xx_HAL_Driver\Src\stm32f1xx_hal_pwr.o
HAL_PWR_EnableSleepOnExit                         Drivers\STM32F1xx_HAL_Driver\Src\stm32f1xx_hal_pwr.o
HAL_PWR_EnableWakeUpPin                           Drivers\STM32F1xx_HAL_Driver\Src\stm32f1xx_hal_pwr.o
HAL_PWR_EnterSLEEPMode                            Drivers\STM32F1xx_HAL_Driver\Src\stm32f1xx_hal_pwr.o
HAL_PWR_EnterSTANDBYMode                          Drivers\STM32F1xx_HAL_Driver\Src\stm32f1xx_hal_pwr.o
HAL_PWR_EnterSTOPMode                             Drivers\STM32F1xx_HAL_Driver\Src\stm32f1xx_hal_pwr.o
HAL_PWR_PVDCallback                               Drivers\STM32F1xx_HAL_Driver\Src\stm32f1xx_hal_pwr.o
HAL_PWR_PVD_IRQHandler                            Drivers\STM32F1xx_HAL_Driver\Src\stm32f1xx_hal_pwr.o
HAL_RCCEx_GetPeriphCLKConfig                      Drivers\STM32F1xx_HAL_Driver\Src\stm32f1xx_hal_rcc_ex.o
HAL_RCCEx_GetPeriphCLKFreq                        Drivers\STM32F1xx_HAL_Driver\Src\stm32f1xx_hal_rcc_ex.o
HAL_RCCEx_PeriphCLKConfig                         Drivers\STM32F1xx_HAL_Driver\Src\stm32f1xx_hal_rcc_ex.o
                                                  Src\main.o
HAL_RCC_CSSCallback                               Drivers\STM32F1xx_HAL_Driver\Src\stm32f1xx_hal_rcc.o
HAL_RCC_ClockConfig                               Drivers\STM32F1xx_HAL_Driver\Src\stm32f1xx_hal_rcc.o
                                                  Src\main.o
HAL_RCC_DeInit                                    Drivers\STM32F1xx_HAL_Driver\Src\stm32f1xx_hal_rcc.o
HAL_RCC_DisableCSS                                Drivers\STM32F1xx_HAL_Driver\Src\stm32f1xx_hal_rcc.o
HAL_RCC_EnableCSS                                 Drivers\STM32F1xx_HAL_Driver\Src\stm32f1xx_hal_rcc.o
HAL_RCC_GetClockConfig                            Drivers\STM32F1xx_HAL_Driver\Src\stm32f1xx_hal_rcc.o
HAL_RCC_GetHCLKFreq                               Drivers\STM32F1xx_HAL_Driver\Src\stm32f1xx_hal_rcc.o
                                                  Src\main.o
                                                  Drivers\STM32F1xx_HAL_Driver\Src\stm32f1xx_hal.o
HAL_RCC_GetOscConfig                              Drivers\STM32F1xx_HAL_Driver\Src\stm32f1xx_hal_rcc.o
HAL_RCC_GetPCLK1Freq                              Drivers\STM32F1xx_HAL_Driver\Src\stm32f1xx_hal_rcc.o
HAL_RCC_GetPCLK2Freq                              Drivers\STM32F1xx_HAL_Driver\Src\stm32f1xx_hal_rcc.o
                                                  Drivers\STM32F1xx_HAL_Driver\Src\stm32f1xx_hal_rcc_ex.o
HAL_RCC_GetSysClockFreq                           Drivers\STM32F1xx_HAL_Driver\Src\stm32f1xx_hal_rcc.o
HAL_RCC_MCOConfig                                 Drivers\STM32F1xx_HAL_Driver\Src\stm32f1xx_hal_rcc.o
HAL_RCC_NMI_IRQHandler                            Drivers\STM32F1xx_HAL_Driver\Src\stm32f1xx_hal_rcc.o
HAL_RCC_OscConfig                                 Drivers\STM32F1xx_HAL_Driver\Src\stm32f1xx_hal_rcc.o
                                                  Src\main.o
HAL_ResumeTick                                    Drivers\STM32F1xx_HAL_Driver\Src\stm32f1xx_hal.o
HAL_SYSTICK_CLKSourceConfig                       Drivers\STM32F1xx_HAL_Driver\Src\stm32f1xx_hal_cortex.o
                                                  Src\main.o
HAL_SYSTICK_Callback                              Drivers\STM32F1xx_HAL_Driver\Src\stm32f1xx_hal_cortex.o
HAL_SYSTICK_Config                                Drivers\STM32F1xx_HAL_Driver\Src\stm32f1xx_hal_cortex.o
                                                  Src\main.o
                                                  Drivers\STM32F1xx_HAL_Driver\Src\stm32f1xx_hal.o
HAL_SYSTICK_IRQHandler                            Drivers\STM32F1xx_HAL_Driver\Src\stm32f1xx_hal_cortex.o
                                                  Src\stm32f1xx_it.o
HAL_SuspendTick                                   Drivers\STM32F1xx_HAL_Driver\Src\stm32f1xx_hal.o
HardFault_Handler                                 Src\stm32f1xx_it.o
                                                  Drivers\CMSIS\Device\ST\STM32F1xx\Source\Templates\gcc\startup_stm32f103xb.o
I2C1_ER_IRQHandler                                Drivers\CMSIS\Device\ST\STM32F1xx\Source\Templates\gcc\startup_stm32f103xb.o
I2C1_EV_IRQHandler                                Drivers\CMSIS\Device\ST\STM32F1xx\Source\Templates\gcc\startup_stm32f103xb.o
I2C2_ER_IRQHandler                                Drivers\CMSIS\Device\ST\STM32F1xx\Source\Templates\gcc\startup_stm32f103xb.o
I2C2_EV_IRQHandler                                Drivers\CMSIS\Device\ST\STM32F1xx\Source\Templates\gcc\startup_stm32f103xb.o
MX_USB_DEVICE_Init                                Src\usb_device.o
                                                  Src\main.o
MemManage_Handler                                 Src\stm32f1xx_it.o
                                                  Drivers\CMSIS\Device\ST\STM32F1xx\Source\Templates\gcc\startup_stm32f103xb.o
NMI_Handler                                       Src\stm32f1xx_it.o
                                                  Drivers\CMSIS\Device\ST\STM32F1xx\Source\Templates\gcc\startup_stm32f103xb.o
PVD_IRQHandler                                    Drivers\CMSIS\Device\ST\STM32F1xx\Source\Templates\gcc\startup_stm32f103xb.o
PendSV_Handler                                    Src\stm32f1xx_it.o
                                                  Drivers\CMSIS\Device\ST\STM32F1xx\Source\Templates\gcc\startup_stm32f103xb.o
RCC_IRQHandler                                    Drivers\CMSIS\Device\ST\STM32F1xx\Source\Templates\gcc\startup_stm32f103xb.o
RTC_Alarm_IRQHandler                              Drivers\CMSIS\Device\ST\STM32F1xx\Source\Templates\gcc\startup_stm32f103xb.o
RTC_IRQHandler                                    Drivers\CMSIS\Device\ST\STM32F1xx\Source\Templates\gcc\startup_stm32f103xb.o
Reset_Handler                                     Drivers\CMSIS\Device\ST\STM32F1xx\Source\Templates\gcc\startup_stm32f103xb.o
SPI1_IRQHandler                                   Drivers\CMSIS\Device\ST\STM32F1xx\Source\Templates\gcc\startup_stm32f103xb.o
SPI2_IRQHandler                                   Drivers\CMSIS\Device\ST\STM32F1xx\Source\Templates\gcc\startup_stm32f103xb.o
SVC_Handler                                       Src\stm32f1xx_it.o
                                                  Drivers\CMSIS\Device\ST\STM32F1xx\Source\Templates\gcc\startup_stm32f103xb.o
SysTick_Handler                                   Src\stm32f1xx_it.o
                                                  Drivers\CMSIS\Device\ST\STM32F1xx\Source\Templates\gcc\startup_stm32f103xb.o
SystemClock_Config                                Src\main.o
SystemCoreClock                                   Drivers\CMSIS\Device\ST\STM32F1xx\Source\Templates\system_stm32f1xx.o
                                                  Drivers\STM32F1xx_HAL_Driver\Src\stm32f1xx_hal_rcc.o
SystemCoreClockUpdate                             Drivers\CMSIS\Device\ST\STM32F1xx\Source\Templates\system_stm32f1xx.o
SystemInit                                        Drivers\CMSIS\Device\ST\STM32F1xx\Source\Templates\system_stm32f1xx.o
                                                  Drivers\CMSIS\Device\ST\STM32F1xx\Source\Templates\gcc\startup_stm32f103xb.o
TAMPER_IRQHandler                                 Drivers\CMSIS\Device\ST\STM32F1xx\Source\Templates\gcc\startup_stm32f103xb.o
TIM1_BRK_IRQHandler                               Drivers\CMSIS\Device\ST\STM32F1xx\Source\Templates\gcc\startup_stm32f103xb.o
TIM1_CC_IRQHandler                                Drivers\CMSIS\Device\ST\STM32F1xx\Source\Templates\gcc\startup_stm32f103xb.o
TIM1_TRG_COM_IRQHandler                           Drivers\CMSIS\Device\ST\STM32F1xx\Source\Templates\gcc\startup_stm32f103xb.o
TIM1_UP_IRQHandler                                Drivers\CMSIS\Device\ST\STM32F1xx\Source\Templates\gcc\startup_stm32f103xb.o
TIM2_IRQHandler                                   Drivers\CMSIS\Device\ST\STM32F1xx\Source\Templates\gcc\startup_stm32f103xb.o
TIM3_IRQHandler                                   Drivers\CMSIS\Device\ST\STM32F1xx\Source\Templates\gcc\startup_stm32f103xb.o
TIM4_IRQHandler                                   Drivers\CMSIS\Device\ST\STM32F1xx\Source\Templates\gcc\startup_stm32f103xb.o
USART1_IRQHandler                                 Drivers\CMSIS\Device\ST\STM32F1xx\Source\Templates\gcc\startup_stm32f103xb.o
USART2_IRQHandler                                 Drivers\CMSIS\Device\ST\STM32F1xx\Source\Templates\gcc\startup_stm32f103xb.o
USART3_IRQHandler                                 Drivers\CMSIS\Device\ST\STM32F1xx\Source\Templates\gcc\startup_stm32f103xb.o
USBD_ClrClassConfig                               Middlewares\ST\STM32_USB_Device_Library\Core\Src\usbd_core.o
                                                  Middlewares\ST\STM32_USB_Device_Library\Core\Src\usbd_ctlreq.o
USBD_CtlContinueRx                                Middlewares\ST\STM32_USB_Device_Library\Core\Src\usbd_ioreq.o
                                                  Middlewares\ST\STM32_USB_Device_Library\Core\Src\usbd_core.o
USBD_CtlContinueSendData                          Middlewares\ST\STM32_USB_Device_Library\Core\Src\usbd_ioreq.o
                                                  Middlewares\ST\STM32_USB_Device_Library\Core\Src\usbd_core.o
USBD_CtlError                                     Middlewares\ST\STM32_USB_Device_Library\Core\Src\usbd_ctlreq.o
                                                  Middlewares\ST\STM32_USB_Device_Library\Class\HID\Src\usbd_hid.o
USBD_CtlPrepareRx                                 Middlewares\ST\STM32_USB_Device_Library\Core\Src\usbd_ioreq.o
USBD_CtlReceiveStatus                             Middlewares\ST\STM32_USB_Device_Library\Core\Src\usbd_ioreq.o
                                                  Middlewares\ST\STM32_USB_Device_Library\Core\Src\usbd_core.o
USBD_CtlSendData                                  Middlewares\ST\STM32_USB_Device_Library\Core\Src\usbd_ioreq.o
                                                  Middlewares\ST\STM32_USB_Device_Library\Core\Src\usbd_ctlreq.o
                                                  Middlewares\ST\STM32_USB_Device_Library\Class\HID\Src\usbd_hid.o
USBD_CtlSendStatus                                Middlewares\ST\STM32_USB_Device_Library\Core\Src\usbd_ioreq.o
                                                  Middlewares\ST\STM32_USB_Device_Library\Core\Src\usbd_ctlreq.o
                                                  Middlewares\ST\STM32_USB_Device_Library\Core\Src\usbd_core.o
USBD_DeInit                                       Middlewares\ST\STM32_USB_Device_Library\Core\Src\usbd_core.o
USBD_FS_ConfigStrDescriptor                       Src\usbd_desc.o
USBD_FS_DeviceDesc                                Src\usbd_desc.o
USBD_FS_DeviceDescriptor                          Src\usbd_desc.o
USBD_FS_InterfaceStrDescriptor                    Src\usbd_desc.o
USBD_FS_LangIDStrDescriptor                       Src\usbd_desc.o
USBD_FS_ManufacturerStrDescriptor                 Src\usbd_desc.o
USBD_FS_ProductStrDescriptor                      Src\usbd_desc.o
USBD_FS_SerialStrDescriptor                       Src\usbd_desc.o
USBD_GetRxCount                                   Middlewares\ST\STM32_USB_Device_Library\Core\Src\usbd_ioreq.o
USBD_GetString                                    Middlewares\ST\STM32_USB_Device_Library\Core\Src\usbd_ctlreq.o
                                                  Src\usbd_desc.o
USBD_HID                                          Middlewares\ST\STM32_USB_Device_Library\Class\HID\Src\usbd_hid.o
                                                  Src\usb_device.o
USBD_HID_GetPollingInterval                       Middlewares\ST\STM32_USB_Device_Library\Class\HID\Src\usbd_hid.o
USBD_HID_SendReport                               Middlewares\ST\STM32_USB_Device_Library\Class\HID\Src\usbd_hid.o
USBD_Init                                         Middlewares\ST\STM32_USB_Device_Library\Core\Src\usbd_core.o
                                                  Src\usb_device.o
USBD_LL_ClearStallEP                              Src\usbd_conf.o
                                                  Middlewares\ST\STM32_USB_Device_Library\Core\Src\usbd_ctlreq.o
USBD_LL_CloseEP                                   Src\usbd_conf.o
                                                  Middlewares\ST\STM32_USB_Device_Library\Class\HID\Src\usbd_hid.o
USBD_LL_DataInStage                               Middlewares\ST\STM32_USB_Device_Library\Core\Src\usbd_core.o
                                                  Src\usbd_conf.o
USBD_LL_DataOutStage                              Middlewares\ST\STM32_USB_Device_Library\Core\Src\usbd_core.o
                                                  Src\usbd_conf.o
USBD_LL_DeInit                                    Src\usbd_conf.o
                                                  Middlewares\ST\STM32_USB_Device_Library\Core\Src\usbd_core.o
USBD_LL_Delay                                     Src\usbd_conf.o
USBD_LL_DevConnected                              Middlewares\ST\STM32_USB_Device_Library\Core\Src\usbd_core.o
                                                  Src\usbd_conf.o
USBD_LL_DevDisconnected                           Middlewares\ST\STM32_USB_Device_Library\Core\Src\usbd_core.o
                                                  Src\usbd_conf.o
USBD_LL_FlushEP                                   Src\usbd_conf.o
USBD_LL_GetRxDataSize                             Src\usbd_conf.o
                                                  Middlewares\ST\STM32_USB_Device_Library\Core\Src\usbd_ioreq.o
USBD_LL_Init                                      Src\usbd_conf.o
                                                  Middlewares\ST\STM32_USB_Device_Library\Core\Src\usbd_core.o
USBD_LL_IsStallEP                                 Src\usbd_conf.o
                                                  Middlewares\ST\STM32_USB_Device_Library\Core\Src\usbd_ctlreq.o
USBD_LL_IsoINIncomplete                           Middlewares\ST\STM32_USB_Device_Library\Core\Src\usbd_core.o
                                                  Src\usbd_conf.o
USBD_LL_IsoOUTIncomplete                          Middlewares\ST\STM32_USB_Device_Library\Core\Src\usbd_core.o
                                                  Src\usbd_conf.o
USBD_LL_OpenEP                                    Src\usbd_conf.o
                                                  Middlewares\ST\STM32_USB_Device_Library\Core\Src\usbd_core.o
                                                  Middlewares\ST\STM32_USB_Device_Library\Class\HID\Src\usbd_hid.o
USBD_LL_PrepareReceive                            Src\usbd_conf.o
                                                  Middlewares\ST\STM32_USB_Device_Library\Core\Src\usbd_ioreq.o
                                                  Middlewares\ST\STM32_USB_Device_Library\Core\Src\usbd_core.o
USBD_LL_Reset                                     Middlewares\ST\STM32_USB_Device_Library\Core\Src\usbd_core.o
                                                  Src\usbd_conf.o
USBD_LL_Resume                                    Middlewares\ST\STM32_USB_Device_Library\Core\Src\usbd_core.o
                                                  Src\usbd_conf.o
USBD_LL_SOF                                       Middlewares\ST\STM32_USB_Device_Library\Core\Src\usbd_core.o
                                                  Src\usbd_conf.o
USBD_LL_SetSpeed                                  Middlewares\ST\STM32_USB_Device_Library\Core\Src\usbd_core.o
                                                  Src\usbd_conf.o
USBD_LL_SetUSBAddress                             Src\usbd_conf.o
                                                  Middlewares\ST\STM32_USB_Device_Library\Core\Src\usbd_ctlreq.o
USBD_LL_SetupStage                                Middlewares\ST\STM32_USB_Device_Library\Core\Src\usbd_core.o
                                                  Src\usbd_conf.o
USBD_LL_StallEP                                   Src\usbd_conf.o
                                                  Middlewares\ST\STM32_USB_Device_Library\Core\Src\usbd_ctlreq.o
                                                  Middlewares\ST\STM32_USB_Device_Library\Core\Src\usbd_core.o
USBD_LL_Start                                     Src\usbd_conf.o
                                                  Middlewares\ST\STM32_USB_Device_Library\Core\Src\usbd_core.o
USBD_LL_Stop                                      Src\usbd_conf.o
                                                  Middlewares\ST\STM32_USB_Device_Library\Core\Src\usbd_core.o
USBD_LL_Suspend                                   Middlewares\ST\STM32_USB_Device_Library\Core\Src\usbd_core.o
                                                  Src\usbd_conf.o
USBD_LL_Transmit                                  Src\usbd_conf.o
                                                  Middlewares\ST\STM32_USB_Device_Library\Core\Src\usbd_ioreq.o
                                                  Middlewares\ST\STM32_USB_Device_Library\Class\HID\Src\usbd_hid.o
USBD_LangIDDesc                                   Src\usbd_desc.o
USBD_ParseSetupRequest                            Middlewares\ST\STM32_USB_Device_Library\Core\Src\usbd_ctlreq.o
                                                  Middlewares\ST\STM32_USB_Device_Library\Core\Src\usbd_core.o
USBD_RegisterClass                                Middlewares\ST\STM32_USB_Device_Library\Core\Src\usbd_core.o
                                                  Src\usb_device.o
USBD_RunTestMode                                  Middlewares\ST\STM32_USB_Device_Library\Core\Src\usbd_core.o
USBD_SetClassConfig                               Middlewares\ST\STM32_USB_Device_Library\Core\Src\usbd_core.o
                                                  Middlewares\ST\STM32_USB_Device_Library\Core\Src\usbd_ctlreq.o
USBD_Start                                        Middlewares\ST\STM32_USB_Device_Library\Core\Src\usbd_core.o
                                                  Src\usb_device.o
USBD_StdDevReq                                    Middlewares\ST\STM32_USB_Device_Library\Core\Src\usbd_ctlreq.o
                                                  Middlewares\ST\STM32_USB_Device_Library\Core\Src\usbd_core.o
USBD_StdEPReq                                     Middlewares\ST\STM32_USB_Device_Library\Core\Src\usbd_ctlreq.o
                                                  Middlewares\ST\STM32_USB_Device_Library\Core\Src\usbd_core.o
USBD_StdItfReq                                    Middlewares\ST\STM32_USB_Device_Library\Core\Src\usbd_ctlreq.o
                                                  Middlewares\ST\STM32_USB_Device_Library\Core\Src\usbd_core.o
USBD_Stop                                         Middlewares\ST\STM32_USB_Device_Library\Core\Src\usbd_core.o
USBD_StrDesc                                      Src\usbd_desc.o
USBD_static_free                                  Src\usbd_conf.o
                                                  Middlewares\ST\STM32_USB_Device_Library\Class\HID\Src\usbd_hid.o
USBD_static_malloc                                Src\usbd_conf.o
                                                  Middlewares\ST\STM32_USB_Device_Library\Class\HID\Src\usbd_hid.o
USBWakeUp_IRQHandler                              Drivers\CMSIS\Device\ST\STM32F1xx\Source\Templates\gcc\startup_stm32f103xb.o
USB_ActivateEndpoint                              Drivers\STM32F1xx_HAL_Driver\Src\stm32f1xx_ll_usb.o
                                                  Drivers\STM32F1xx_HAL_Driver\Src\stm32f1xx_hal_pcd.o
USB_ActivateRemoteWakeup                          Drivers\STM32F1xx_HAL_Driver\Src\stm32f1xx_ll_usb.o
                                                  Drivers\STM32F1xx_HAL_Driver\Src\stm32f1xx_hal_pcd.o
USB_ClearInterrupts                               Drivers\STM32F1xx_HAL_Driver\Src\stm32f1xx_ll_usb.o
USB_CoreInit                                      Drivers\STM32F1xx_HAL_Driver\Src\stm32f1xx_ll_usb.o