stm32f1xx_hal_pcd.c:250:13:HAL_PCD_MspInit	0	static
stm32f1xx_hal_pcd.c:150:19:HAL_PCD_Init	48	static
stm32f1xx_hal_pcd.c:264:13:HAL_PCD_MspDeInit	0	static
stm32f1xx_hal_pcd.c:297:19:HAL_PCD_Start	8	static
stm32f1xx_hal_pcd.c:312:19:HAL_PCD_Stop	8	static
stm32f1xx_hal_pcd.c:224:19:HAL_PCD_DeInit	8	static
stm32f1xx_hal_pcd.c:648:14:HAL_PCD_DataOutStageCallback	0	static
stm32f1xx_hal_pcd.c:664:14:HAL_PCD_DataInStageCallback	0	static
stm32f1xx_hal_pcd.c:678:14:HAL_PCD_SetupStageCallback	0	static
stm32f1xx_hal_pcd.c:692:14:HAL_PCD_SOFCallback	0	static
stm32f1xx_hal_pcd.c:706:14:HAL_PCD_ResetCallback	0	static
stm32f1xx_hal_pcd.c:720:14:HAL_PCD_SuspendCallback	0	static
stm32f1xx_hal_pcd.c:734:14:HAL_PCD_ResumeCallback	0	static
stm32f1xx_hal_pcd.c:749:14:HAL_PCD_ISOOUTIncompleteCallback	0	static
stm32f1xx_hal_pcd.c:765:14:HAL_PCD_ISOINIncompleteCallback	0	static
stm32f1xx_hal_pcd.c:780:14:HAL_PCD_ConnectCallback	0	static
stm32f1xx_hal_pcd.c:794:14:HAL_PCD_DisconnectCallback	0	static
stm32f1xx_hal_pcd.c:827:19:HAL_PCD_DevConnect	8	static
stm32f1xx_hal_pcd.c:841:19:HAL_PCD_DevDisconnect	8	static
stm32f1xx_hal_pcd.c:856:19:HAL_PCD_SetAddress	8	static
stm32f1xx_hal_pcd.c:872:19:HAL_PCD_EP_Open	16	static
stm32f1xx_hal_pcd.c:903:19:HAL_PCD_EP_Close	8	static
stm32f1xx_hal_pcd.c:934:19:HAL_PCD_EP_Receive	16	static
stm32f1xx_hal_pcd.c:968:10:HAL_PCD_EP_GetRxCount	0	static
stm32f1xx_hal_pcd.c:980:19:HAL_PCD_EP_Transmit	16	static
stm32f1xx_hal_pcd.c:571:6:HAL_PCD_IRQHandler	32	static
stm32f1xx_hal_pcd.c:1015:19:HAL_PCD_EP_SetStall	16	static
stm32f1xx_hal_pcd.c:1049:19:HAL_PCD_EP_ClrStall	16	static
stm32f1xx_hal_pcd.c:1079:19:HAL_PCD_EP_Flush	8	static
stm32f1xx_hal_pcd.c:1102:19:HAL_PCD_ActivateRemoteWakeup	0	static
stm32f1xx_hal_pcd.c:1112:19:HAL_PCD_DeActivateRemoteWakeup	0	static
stm32f1xx_hal_pcd.c:1140:18:HAL_PCD_GetState	0	static
