stm32f1xx_ll_usb.c:1478:19:USB_CoreInit	0	static
stm32f1xx_ll_usb.c:1493:19:USB_EnableGlobalInt	0	static
stm32f1xx_ll_usb.c:1513:19:USB_DisableGlobalInt	0	static
stm32f1xx_ll_usb.c:1535:19:USB_SetCurrentMode	0	static
stm32f1xx_ll_usb.c:1552:19:USB_DevInit	8	static
stm32f1xx_ll_usb.c:1578:19:USB_FlushTxFifo	0	static
stm32f1xx_ll_usb.c:1592:19:USB_FlushRxFifo	0	static
stm32f1xx_ll_usb.c:1607:19:USB_ActivateEndpoint	12	static
stm32f1xx_ll_usb.c:1692:19:USB_DeactivateEndpoint	8	static
stm32f1xx_ll_usb.c:1833:19:USB_WritePacket	0	static
stm32f1xx_ll_usb.c:1850:7:USB_ReadPacket	0	static
stm32f1xx_ll_usb.c:1865:19:USB_EPSetStall	0	static
stm32f1xx_ll_usb.c:1892:19:USB_EPClearStall	0	static
stm32f1xx_ll_usb.c:1912:19:USB_StopDevice	0	static
stm32f1xx_ll_usb.c:1933:20:USB_SetDevAddress	0	static
stm32f1xx_ll_usb.c:1949:20:USB_DevConnect	0	static
stm32f1xx_ll_usb.c:1963:20:USB_DevDisconnect	0	static
stm32f1xx_ll_usb.c:1977:11:USB_ReadInterrupts	0	static
stm32f1xx_ll_usb.c:1990:10:USB_ReadDevAllOutEpInterrupt	0	static
stm32f1xx_ll_usb.c:2004:10:USB_ReadDevAllInEpInterrupt	0	static
stm32f1xx_ll_usb.c:2020:10:USB_ReadDevOutEPInterrupt	0	static
stm32f1xx_ll_usb.c:2036:10:USB_ReadDevInEPInterrupt	0	static
stm32f1xx_ll_usb.c:2051:7:USB_ClearInterrupts	0	static
stm32f1xx_ll_usb.c:2065:19:USB_EP0_OutStart	0	static
stm32f1xx_ll_usb.c:2079:19:USB_ActivateRemoteWakeup	0	static
stm32f1xx_ll_usb.c:2091:19:USB_DeActivateRemoteWakeup	0	static
stm32f1xx_ll_usb.c:2105:6:USB_WritePMA	8	static
stm32f1xx_ll_usb.c:1745:19:USB_EPStartXfer	24	static
stm32f1xx_ll_usb.c:2131:6:USB_ReadPMA	8	static
