usbd_conf.c:61:6:HAL_PCD_MspInit	16	static
usbd_conf.c:80:6:HAL_PCD_MspDeInit	0	static
usbd_conf.c:104:6:HAL_PCD_SetupStageCallback	0	static
usbd_conf.c:115:6:HAL_PCD_DataOutStageCallback	0	static
usbd_conf.c:126:6:HAL_PCD_DataInStageCallback	0	static
usbd_conf.c:136:6:HAL_PCD_SOFCallback	0	static
usbd_conf.c:146:6:HAL_PCD_ResetCallback	8	static
usbd_conf.c:173:6:HAL_PCD_SuspendCallback	8	static
usbd_conf.c:193:6:HAL_PCD_ResumeCallback	0	static
usbd_conf.c:207:6:HAL_PCD_ISOOUTIncompleteCallback	0	static
usbd_conf.c:218:6:HAL_PCD_ISOINIncompleteCallback	0	static
usbd_conf.c:228:6:HAL_PCD_ConnectCallback	0	static
usbd_conf.c:238:6:HAL_PCD_DisconnectCallback	0	static
usbd_conf.c:251:21:USBD_LL_Init	8	static
usbd_conf.c:281:21:USBD_LL_DeInit	8	static
usbd_conf.c:292:21:USBD_LL_Start	8	static
usbd_conf.c:303:21:USBD_LL_Stop	8	static
usbd_conf.c:317:21:USBD_LL_OpenEP	8	static
usbd_conf.c:336:21:USBD_LL_CloseEP	8	static
usbd_conf.c:348:21:USBD_LL_FlushEP	8	static
usbd_conf.c:360:21:USBD_LL_StallEP	8	static
usbd_conf.c:372:21:USBD_LL_ClearStallEP	8	static
usbd_conf.c:384:9:USBD_LL_IsStallEP	0	static
usbd_conf.c:403:21:USBD_LL_SetUSBAddress	8	static
usbd_conf.c:417:21:USBD_LL_Transmit	8	static
usbd_conf.c:434:21:USBD_LL_PrepareReceive	8	static
usbd_conf.c:449:10:USBD_LL_GetRxDataSize	8	static
usbd_conf.c:459:7:USBD_LL_Delay	0	static
usbd_conf.c:469:7:USBD_static_malloc	0	static
usbd_conf.c:480:6:USBD_static_free	0	static
usbd_conf.c:491:6:HAL_PCDEx_SetConnectionState	0	static
